# msd.out by GPUMDkit
# Element: Li  |  dt: 1000.0000 fs  |  Frames: 1000  |  Atoms: 144
#     Time(ps)    MSD_x(Ang^2)    MSD_y(Ang^2)    MSD_z(Ang^2)
      1.000000       0.095972       0.096237       0.114455
      2.000000       0.101586       0.101548       0.126810
      3.000000       0.105583       0.104807       0.136708
      4.000000       0.108931       0.107308       0.146278
      5.000000       0.111039       0.109271       0.154866
      6.000000       0.113003       0.110934       0.161823
      7.000000       0.115633       0.112565       0.168062
      8.000000       0.117430       0.114322       0.173955
      9.000000       0.118770       0.115664       0.179257
     10.000000       0.120735       0.116672       0.184396
     11.000000       0.122414       0.117620       0.189391
     12.000000       0.124611       0.118587       0.194197
     13.000000       0.126346       0.120610       0.198383
     14.000000       0.127726       0.121443       0.202844
     15.000000       0.130092       0.122496       0.207365
     16.000000       0.131781       0.123785       0.210877
     17.000000       0.133637       0.125367       0.215071
     18.000000       0.135050       0.126613       0.217928
     19.000000       0.136785       0.127737       0.221734
     20.000000       0.137864       0.129185       0.224623
     21.000000       0.139216       0.130029       0.228446
     22.000000       0.140197       0.131277       0.231201
     23.000000       0.141471       0.132144       0.233723
     24.000000       0.142716       0.132918       0.236444
     25.000000       0.144120       0.133565       0.239172
     26.000000       0.145113       0.134743       0.241668
     27.000000       0.146808       0.135655       0.244312
     28.000000       0.147814       0.136840       0.247066
     29.000000       0.149253       0.137964       0.249002
     30.000000       0.150142       0.138505       0.250476
     31.000000       0.151236       0.138698       0.253664
     32.000000       0.152596       0.140690       0.255449
     33.000000       0.153524       0.141129       0.258897
     34.000000       0.154810       0.141746       0.260070
     35.000000       0.156113       0.142655       0.262526
     36.000000       0.156878       0.143765       0.264712
     37.000000       0.158098       0.144044       0.266101
     38.000000       0.158996       0.145590       0.268410
     39.000000       0.159905       0.146408       0.270079
     40.000000       0.160920       0.147503       0.271943
     41.000000       0.161872       0.147779       0.274590
     42.000000       0.163762       0.148762       0.277057
     43.000000       0.164695       0.149679       0.278533
     44.000000       0.166719       0.150893       0.280855
     45.000000       0.167126       0.151614       0.282164
     46.000000       0.168110       0.152373       0.283846
     47.000000       0.169327       0.153603       0.285538
     48.000000       0.169174       0.153730       0.288479
     49.000000       0.170503       0.154330       0.290125
     50.000000       0.171944       0.154119       0.291315
     51.000000       0.172951       0.154562       0.293794
     52.000000       0.174063       0.155252       0.295174
     53.000000       0.174222       0.155270       0.297382
     54.000000       0.175439       0.156052       0.299106
     55.000000       0.175654       0.156659       0.301207
     56.000000       0.176726       0.157067       0.303343
     57.000000       0.177185       0.157971       0.305308
     58.000000       0.178131       0.158024       0.307228
     59.000000       0.178389       0.159052       0.309531
     60.000000       0.179195       0.159363       0.311071
     61.000000       0.180284       0.159345       0.313287
     62.000000       0.181515       0.159733       0.314753
     63.000000       0.181627       0.160325       0.317351
     64.000000       0.182811       0.160583       0.318777
     65.000000       0.183217       0.161590       0.320632
     66.000000       0.184309       0.162224       0.322817
     67.000000       0.185621       0.162294       0.323960
     68.000000       0.185502       0.163111       0.326109
     69.000000       0.186465       0.163301       0.327785
     70.000000       0.186873       0.163426       0.329805
     71.000000       0.187183       0.163700       0.331432
     72.000000       0.188277       0.164157       0.333042
     73.000000       0.189240       0.164486       0.334199
     74.000000       0.190209       0.165679       0.336109
     75.000000       0.190907       0.165473       0.337511
     76.000000       0.192253       0.166438       0.338867
     77.000000       0.192550       0.166447       0.341057
     78.000000       0.193813       0.166562       0.342775
     79.000000       0.194257       0.167225       0.344354
     80.000000       0.194808       0.167690       0.346234
     81.000000       0.195834       0.167467       0.347281
     82.000000       0.196335       0.168498       0.348042
     83.000000       0.197499       0.168584       0.349808
     84.000000       0.198095       0.168691       0.351339
     85.000000       0.199456       0.169587       0.352520
     86.000000       0.199780       0.169259       0.353947
     87.000000       0.201012       0.169831       0.355763
     88.000000       0.201260       0.170506       0.356982
     89.000000       0.202975       0.170713       0.357866
     90.000000       0.202882       0.170833       0.358959
     91.000000       0.203619       0.170878       0.359104
     92.000000       0.203639       0.171140       0.361173
     93.000000       0.203869       0.171715       0.361900
     94.000000       0.205247       0.171880       0.362342
     95.000000       0.205493       0.172057       0.364237
     96.000000       0.207569       0.172358       0.365236
     97.000000       0.208164       0.172245       0.365815
     98.000000       0.208891       0.173064       0.366829
     99.000000       0.209219       0.173046       0.367777
    100.000000       0.209786       0.173320       0.368744
    101.000000       0.210745       0.173908       0.369549
    102.000000       0.211762       0.173227       0.369990
    103.000000       0.211915       0.173376       0.371821
    104.000000       0.212915       0.174662       0.372140
    105.000000       0.214149       0.174570       0.373526
    106.000000       0.214745       0.175213       0.374054
    107.000000       0.215674       0.174602       0.375189
    108.000000       0.216315       0.175454       0.375480
    109.000000       0.217688       0.175902       0.376005
    110.000000       0.218147       0.176029       0.377690
    111.000000       0.218855       0.176343       0.378005
    112.000000       0.219813       0.176817       0.378680
    113.000000       0.220071       0.176580       0.380023
    114.000000       0.221155       0.177595       0.380670
    115.000000       0.221760       0.177242       0.381242
    116.000000       0.221887       0.178202       0.381655
    117.000000       0.222998       0.178263       0.382712
    118.000000       0.223451       0.177908       0.384497
    119.000000       0.223985       0.179049       0.384554
    120.000000       0.223935       0.179751       0.385286
    121.000000       0.225144       0.178912       0.385807
    122.000000       0.225482       0.179555       0.387486
    123.000000       0.226521       0.180219       0.387974
    124.000000       0.226901       0.179783       0.388539
    125.000000       0.227963       0.180647       0.388911
    126.000000       0.228090       0.181178       0.389318
    127.000000       0.228924       0.181297       0.389657
    128.000000       0.228889       0.181299       0.390235
    129.000000       0.229233       0.181154       0.391231
    130.000000       0.230265       0.180974       0.392291
    131.000000       0.231109       0.181641       0.393142
    132.000000       0.230925       0.182491       0.393547
    133.000000       0.231212       0.181800       0.394513
    134.000000       0.231706       0.182438       0.395763
    135.000000       0.231659       0.182371       0.396023
    136.000000       0.231594       0.182576       0.397331
    137.000000       0.232248       0.182745       0.398197
    138.000000       0.232620       0.183432       0.400183
    139.000000       0.233532       0.183712       0.401364
    140.000000       0.233424       0.183510       0.402525
    141.000000       0.233475       0.184533       0.403359
    142.000000       0.233876       0.183772       0.404855
    143.000000       0.233672       0.184687       0.406294
    144.000000       0.235098       0.185040       0.406955
    145.000000       0.235379       0.185706       0.409169
    146.000000       0.235723       0.185434       0.409739
    147.000000       0.236058       0.185922       0.410767
    148.000000       0.236697       0.186194       0.412028
    149.000000       0.236269       0.186523       0.413125
    150.000000       0.237246       0.186808       0.414824
    151.000000       0.237585       0.187113       0.414508
    152.000000       0.237888       0.186854       0.416346
    153.000000       0.238655       0.187765       0.416631
    154.000000       0.239135       0.188308       0.418124
    155.000000       0.238991       0.188375       0.418230
    156.000000       0.239483       0.188463       0.419206
    157.000000       0.240339       0.188814       0.420135
    158.000000       0.240938       0.189243       0.420666
    159.000000       0.240965       0.189577       0.421509
    160.000000       0.241817       0.189833       0.423129
    161.000000       0.241564       0.190128       0.423662
    162.000000       0.242095       0.191236       0.425306
    163.000000       0.242007       0.191367       0.426632
    164.000000       0.242379       0.191546       0.427863
    165.000000       0.243125       0.192189       0.429050
    166.000000       0.243599       0.192475       0.429906
    167.000000       0.243972       0.193051       0.430773
    168.000000       0.243830       0.193776       0.432854
    169.000000       0.244399       0.194875       0.433638
    170.000000       0.244922       0.195199       0.435523
    171.000000       0.245766       0.195209       0.436611
    172.000000       0.246597       0.195719       0.437923
    173.000000       0.246517       0.195718       0.439138
    174.000000       0.246692       0.196455       0.440486
    175.000000       0.246534       0.196640       0.441331
    176.000000       0.247528       0.196247       0.442665
    177.000000       0.247656       0.197499       0.442652
    178.000000       0.248268       0.198129       0.443780
    179.000000       0.248603       0.198430       0.445516
    180.000000       0.249814       0.198243       0.447359
    181.000000       0.249167       0.198568       0.448056
    182.000000       0.249380       0.199678       0.450290
    183.000000       0.250492       0.199620       0.451484
    184.000000       0.250041       0.200515       0.452543
    185.000000       0.250859       0.200617       0.453444
    186.000000       0.250804       0.201459       0.455067
    187.000000       0.251107       0.201329       0.456355
    188.000000       0.251815       0.201998       0.457632
    189.000000       0.252265       0.202319       0.458311
    190.000000       0.253233       0.203153       0.460322
    191.000000       0.252733       0.203843       0.460062
    192.000000       0.253187       0.204015       0.461426
    193.000000       0.253693       0.205211       0.463631
    194.000000       0.254229       0.205078       0.464103
    195.000000       0.254338       0.205180       0.465754
    196.000000       0.255501       0.205367       0.466933
    197.000000       0.255300       0.205579       0.468359
    198.000000       0.255784       0.206268       0.470392
    199.000000       0.255998       0.206598       0.470625
    200.000000       0.256432       0.207344       0.472437
    201.000000       0.256903       0.207172       0.472907
    202.000000       0.256316       0.207590       0.474716
    203.000000       0.256969       0.207408       0.475612
    204.000000       0.257510       0.208052       0.477010
    205.000000       0.257939       0.208676       0.478643
    206.000000       0.257619       0.209211       0.478973
    207.000000       0.257998       0.209441       0.479825
    208.000000       0.258486       0.209973       0.481278
    209.000000       0.258705       0.210674       0.481784
    210.000000       0.258154       0.210260       0.482924
    211.000000       0.259138       0.211445       0.484083
    212.000000       0.259243       0.211197       0.485524
    213.000000       0.259735       0.211746       0.487014
    214.000000       0.259754       0.211982       0.487185
    215.000000       0.260427       0.212526       0.488723
    216.000000       0.261171       0.212398       0.490304
    217.000000       0.260304       0.213344       0.490784
    218.000000       0.261485       0.213784       0.491271
    219.000000       0.261551       0.214591       0.492362
    220.000000       0.262648       0.214111       0.493879
    221.000000       0.263424       0.214819       0.493917
    222.000000       0.263558       0.215152       0.495184
    223.000000       0.264065       0.216399       0.496154
    224.000000       0.264189       0.216541       0.497092
    225.000000       0.264085       0.216914       0.497660
    226.000000       0.264254       0.217473       0.498630
    227.000000       0.264410       0.217430       0.499126
    228.000000       0.264472       0.217768       0.501196
    229.000000       0.264905       0.217742       0.502630
    230.000000       0.265364       0.218629       0.503174
    231.000000       0.265585       0.218939       0.504861
    232.000000       0.265238       0.218661       0.506030
    233.000000       0.265211       0.219748       0.507614
    234.000000       0.265411       0.219648       0.508278
    235.000000       0.266473       0.220030       0.510544
    236.000000       0.266772       0.220545       0.511118
    237.000000       0.267082       0.221037       0.512207
    238.000000       0.267373       0.221422       0.512260
    239.000000       0.267814       0.222645       0.514208
    240.000000       0.268271       0.223254       0.514497
    241.000000       0.268409       0.223964       0.515810
    242.000000       0.269217       0.224090       0.517326
    243.000000       0.269228       0.224702       0.519348
    244.000000       0.269149       0.224798       0.519044
    245.000000       0.269797       0.225228       0.520537
    246.000000       0.270271       0.225824       0.521280
    247.000000       0.269975       0.225342       0.521396
    248.000000       0.270522       0.226296       0.523469
    249.000000       0.270243       0.226307       0.524076
    250.000000       0.271026       0.226200       0.524944
    251.000000       0.271253       0.227753       0.526249
    252.000000       0.272050       0.228295       0.528335
    253.000000       0.272149       0.228518       0.528781
    254.000000       0.271638       0.228732       0.530597
    255.000000       0.272270       0.229377       0.531004
    256.000000       0.272593       0.230112       0.531444
    257.000000       0.272509       0.230268       0.533104
    258.000000       0.272498       0.230374       0.534155
    259.000000       0.273132       0.230472       0.535018
    260.000000       0.274013       0.230933       0.536242
    261.000000       0.273767       0.231929       0.536649
    262.000000       0.274304       0.232055       0.538431
    263.000000       0.275066       0.231917       0.538514
    264.000000       0.275285       0.232878       0.539756
    265.000000       0.275293       0.233510       0.540368
    266.000000       0.275783       0.234572       0.541809
    267.000000       0.276233       0.234552       0.541958
    268.000000       0.276337       0.235621       0.543051
    269.000000       0.277037       0.236035       0.544000
    270.000000       0.277286       0.236092       0.544764
    271.000000       0.277797       0.236535       0.546406
    272.000000       0.277932       0.237823       0.546905
    273.000000       0.278723       0.237002       0.548186
    274.000000       0.278101       0.238107       0.548382
    275.000000       0.278860       0.238633       0.550105
    276.000000       0.279263       0.238486       0.550340
    277.000000       0.278871       0.239406       0.552496
    278.000000       0.279936       0.239767       0.553566
    279.000000       0.279950       0.240621       0.554875
    280.000000       0.280545       0.240869       0.555774
    281.000000       0.281418       0.241426       0.557211
    282.000000       0.281597       0.242164       0.558062
    283.000000       0.282026       0.242470       0.559251
    284.000000       0.281712       0.243166       0.560715
    285.000000       0.281887       0.243574       0.560514
    286.000000       0.281703       0.243981       0.561882
    287.000000       0.282704       0.244310       0.562131
    288.000000       0.282806       0.245161       0.563600
    289.000000       0.283084       0.245899       0.564041
    290.000000       0.283284       0.246948       0.565567
    291.000000       0.283305       0.247253       0.566463
    292.000000       0.283224       0.247780       0.567336
    293.000000       0.284216       0.247542       0.568305
    294.000000       0.284255       0.248343       0.569322
    295.000000       0.284596       0.249054       0.570727
    296.000000       0.285193       0.249565       0.572450
    297.000000       0.285538       0.250132       0.573158
    298.000000       0.285866       0.250761       0.575172
    299.000000       0.286355       0.251303       0.575782
    300.000000       0.286821       0.251914       0.577476
    301.000000       0.287190       0.252422       0.579028
    302.000000       0.288168       0.252368       0.579428
    303.000000       0.287752       0.253266       0.580037
    304.000000       0.287966       0.253031       0.581802
    305.000000       0.288944       0.253081       0.583768
    306.000000       0.288698       0.253703       0.585088
    307.000000       0.289769       0.254086       0.585811
    308.000000       0.289285       0.254503       0.587347
    309.000000       0.288514       0.255335       0.589425
    310.000000       0.288984       0.255195       0.589637
    311.000000       0.289365       0.255342       0.590880
    312.000000       0.289538       0.255809       0.592123
    313.000000       0.290116       0.257275       0.592685
    314.000000       0.289736       0.257455       0.594162
    315.000000       0.290621       0.257579       0.594176
    316.000000       0.291112       0.257657       0.595651
    317.000000       0.290477       0.258553       0.597090
    318.000000       0.291065       0.259637       0.597624
    319.000000       0.290606       0.260694       0.598516
    320.000000       0.290935       0.260745       0.599669
    321.000000       0.291383       0.261671       0.600508
    322.000000       0.290678       0.261934       0.601465
    323.000000       0.290640       0.262607       0.602788
    324.000000       0.291619       0.263100       0.603561
    325.000000       0.290682       0.263095       0.604523
    326.000000       0.290725       0.264237       0.604817
    327.000000       0.290090       0.264427       0.606077
    328.000000       0.290602       0.265352       0.607170
    329.000000       0.290677       0.264603       0.608635
    330.000000       0.290763       0.266176       0.608037
    331.000000       0.291237       0.266144       0.608155
    332.000000       0.290740       0.267191       0.608843
    333.000000       0.291072       0.267773       0.609383
    334.000000       0.290625       0.268264       0.610137
    335.000000       0.291227       0.267961       0.611058
    336.000000       0.291601       0.268948       0.611720
    337.000000       0.291721       0.270135       0.611774
    338.000000       0.291563       0.271205       0.613640
    339.000000       0.293002       0.271564       0.614482
    340.000000       0.293545       0.271879       0.615917
    341.000000       0.294533       0.272437       0.616763
    342.000000       0.294222       0.273326       0.617070
    343.000000       0.293652       0.273953       0.618903
    344.000000       0.294062       0.274930       0.619949
    345.000000       0.294830       0.274524       0.620984
    346.000000       0.295622       0.275914       0.621786
    347.000000       0.295570       0.276642       0.622747
    348.000000       0.296362       0.276885       0.624771
    349.000000       0.296420       0.277732       0.625849
    350.000000       0.296080       0.278133       0.626928
    351.000000       0.297341       0.278367       0.627755
    352.000000       0.297325       0.278565       0.629423
    353.000000       0.296799       0.278946       0.630036
    354.000000       0.296796       0.279790       0.630815
    355.000000       0.297243       0.280951       0.630699
    356.000000       0.297390       0.281305       0.632389
    357.000000       0.297570       0.280998       0.632411
    358.000000       0.298462       0.281646       0.633384
    359.000000       0.298692       0.282690       0.633968
    360.000000       0.299131       0.282796       0.634447
    361.000000       0.299380       0.283239       0.635675
    362.000000       0.299778       0.283909       0.636335
    363.000000       0.299608       0.284225       0.638018
    364.000000       0.300140       0.284296       0.637499
    365.000000       0.299846       0.284543       0.639602
    366.000000       0.299814       0.284849       0.640040
    367.000000       0.300595       0.286223       0.639602
    368.000000       0.300874       0.287091       0.639787
    369.000000       0.300755       0.286452       0.640533
    370.000000       0.301071       0.287209       0.641453
    371.000000       0.301211       0.287859       0.642134
    372.000000       0.301810       0.288302       0.644393
    373.000000       0.302332       0.289180       0.644573
    374.000000       0.302268       0.289881       0.645808
    375.000000       0.302700       0.289819       0.646821
    376.000000       0.302602       0.290350       0.648148
    377.000000       0.302311       0.290753       0.649074
    378.000000       0.302696       0.290971       0.649610
    379.000000       0.303689       0.291108       0.650655
    380.000000       0.303595       0.291846       0.651859
    381.000000       0.303073       0.292621       0.652062
    382.000000       0.303448       0.292770       0.653955
    383.000000       0.303959       0.293685       0.653800
    384.000000       0.305637       0.294341       0.654393
    385.000000       0.305487       0.294971       0.655944
    386.000000       0.306204       0.294712       0.656452
    387.000000       0.305956       0.295814       0.658096
    388.000000       0.306816       0.295614       0.658442
    389.000000       0.307110       0.296091       0.658769
    390.000000       0.306573       0.296655       0.660255
    391.000000       0.306748       0.297615       0.661328
    392.000000       0.307427       0.297358       0.663496
    393.000000       0.308002       0.299295       0.664701
    394.000000       0.307385       0.300008       0.666219
    395.000000       0.308274       0.300011       0.667840
    396.000000       0.308429       0.299941       0.668969
    397.000000       0.309016       0.301342       0.669616
    398.000000       0.309349       0.302284       0.670410
    399.000000       0.310560       0.303447       0.671140
    400.000000       0.309999       0.303071       0.672617
    401.000000       0.310412       0.303511       0.672675
    402.000000       0.310400       0.303403       0.673101
    403.000000       0.310989       0.304906       0.673963
    404.000000       0.311751       0.305151       0.674677
    405.000000       0.312494       0.305748       0.676355
    406.000000       0.313173       0.305582       0.677432
    407.000000       0.313536       0.306770       0.678082
    408.000000       0.313594       0.306998       0.679442
    409.000000       0.313700       0.307848       0.679753
    410.000000       0.314801       0.308443       0.680007
    411.000000       0.315777       0.308783       0.681300
    412.000000       0.315696       0.309137       0.681918
    413.000000       0.315708       0.309197       0.682076
    414.000000       0.316449       0.309897       0.683911
    415.000000       0.317940       0.310065       0.685423
    416.000000       0.318144       0.310111       0.686034
    417.000000       0.318307       0.311190       0.687479
    418.000000       0.319152       0.312130       0.688400
    419.000000       0.318668       0.312021       0.688684
    420.000000       0.319486       0.312031       0.690374
    421.000000       0.319943       0.312510       0.691075
    422.000000       0.319899       0.313042       0.692683
    423.000000       0.320181       0.313311       0.692740
    424.000000       0.321162       0.314158       0.694428
    425.000000       0.321282       0.314478       0.695602
    426.000000       0.320959       0.314467       0.696581
    427.000000       0.321621       0.315006       0.697860
    428.000000       0.322831       0.315077       0.699054
    429.000000       0.322227       0.315795       0.699629
    430.000000       0.323197       0.315964       0.700914
    431.000000       0.324065       0.316900       0.701637
    432.000000       0.324236       0.317680       0.703071
    433.000000       0.324739       0.318068       0.704272
    434.000000       0.325082       0.317736       0.705356
    435.000000       0.324997       0.317746       0.705784
    436.000000       0.325227       0.318481       0.706602
    437.000000       0.325352       0.318613       0.707822
    438.000000       0.326254       0.318802       0.709575
    439.000000       0.326563       0.319199       0.710347
    440.000000       0.327050       0.319466       0.711649
    441.000000       0.327690       0.319447       0.713225
    442.000000       0.328228       0.319591       0.714540
    443.000000       0.328608       0.320099       0.714456
    444.000000       0.329796       0.320927       0.715809
    445.000000       0.329188       0.321487       0.716718
    446.000000       0.329958       0.321250       0.717229
    447.000000       0.330904       0.322773       0.717714
    448.000000       0.331299       0.322505       0.717779
    449.000000       0.331331       0.322827       0.719147
    450.000000       0.332106       0.323324       0.719939
    451.000000       0.332417       0.324042       0.720407
    452.000000       0.332476       0.323856       0.721914
    453.000000       0.333767       0.323465       0.722627
    454.000000       0.333128       0.324120       0.724548
    455.000000       0.333424       0.324661       0.724968
    456.000000       0.334863       0.324846       0.726558
    457.000000       0.335762       0.325063       0.727901
    458.000000       0.335404       0.325858       0.729177
    459.000000       0.336324       0.325769       0.730579
    460.000000       0.335916       0.325817       0.731889
    461.000000       0.336058       0.326957       0.732484
    462.000000       0.337179       0.327478       0.733318
    463.000000       0.336341       0.327568       0.733899
    464.000000       0.337148       0.328489       0.736484
    465.000000       0.338209       0.328325       0.736069
    466.000000       0.338928       0.328463       0.736855
    467.000000       0.339716       0.329251       0.739347
    468.000000       0.339650       0.329043       0.738586
    469.000000       0.340536       0.329293       0.740714
    470.000000       0.341207       0.329001       0.740840
    471.000000       0.341397       0.329910       0.743209
    472.000000       0.341217       0.330400       0.744754
    473.000000       0.342365       0.329706       0.744950
    474.000000       0.342568       0.330903       0.746269
    475.000000       0.341818       0.330658       0.747003
    476.000000       0.342827       0.332180       0.747180
    477.000000       0.342863       0.331927       0.747390
    478.000000       0.343021       0.332315       0.748895
    479.000000       0.343266       0.332679       0.749568
    480.000000       0.343680       0.333978       0.749885
    481.000000       0.344161       0.333489       0.749831
    482.000000       0.344769       0.334262       0.751460
    483.000000       0.344719       0.335311       0.751808
    484.000000       0.344784       0.335899       0.753389
    485.000000       0.345690       0.335980       0.754658
    486.000000       0.345457       0.336586       0.755359
    487.000000       0.346321       0.336444       0.757067
    488.000000       0.346544       0.336771       0.757814
    489.000000       0.347730       0.337719       0.760177
    490.000000       0.347620       0.338880       0.760495
    491.000000       0.348316       0.338592       0.761415
    492.000000       0.348938       0.339007       0.764049
    493.000000       0.349150       0.339018       0.765366
    494.000000       0.349575       0.340565       0.766043
    495.000000       0.350357       0.340655       0.768011
    496.000000       0.350617       0.342093       0.769923
    497.000000       0.353294       0.342205       0.771087
    498.000000       0.353863       0.343498       0.772407
    499.000000       0.354877       0.343013       0.774245
    500.000000       0.354040       0.343754       0.775433
