      Step     Time          Energy          fmax
FIRE:    0 10:14:09    -1353.298212        8.257809
FIRE:    1 10:14:09    -1355.252118        8.073602
FIRE:    2 10:14:09    -1357.159477        7.906495
FIRE:    3 10:14:09    -1359.022785        7.754009
FIRE:    4 10:14:09    -1360.844722        7.613894
FIRE:    5 10:14:09    -1362.627123        7.484066
FIRE:    6 10:14:09    -1364.372123        7.426880
FIRE:    7 10:14:09    -1366.084126        7.514203
FIRE:    8 10:14:09    -1367.765577        7.584797
FIRE:    9 10:14:09    -1369.418046        7.637768
FIRE:   10 10:14:09    -1371.044204        7.671825
FIRE:   11 10:14:09    -1372.645384        7.685552
FIRE:   12 10:14:09    -1374.222416        7.677627
FIRE:   13 10:14:09    -1375.775768        7.647335
FIRE:   14 10:14:09    -1377.305429        7.593748
FIRE:   15 10:14:09    -1378.811476        7.516607
FIRE:   16 10:14:09    -1380.294610        7.416305
FIRE:   17 10:14:09    -1381.755526        7.293818
FIRE:   18 10:14:09    -1383.194237        7.150038
FIRE:   19 10:14:09    -1384.609740        6.988038
FIRE:   20 10:14:09    -1385.999956        6.810516
FIRE:   21 10:14:09    -1387.363596        6.620199
FIRE:   22 10:14:09    -1388.700122        6.419686
FIRE:   23 10:14:09    -1390.009289        6.211879
FIRE:   24 10:14:09    -1391.291036        5.999558
FIRE:   25 10:14:09    -1392.545135        5.785340
FIRE:   26 10:14:09    -1393.771401        5.571565
FIRE:   27 10:14:09    -1394.970011        5.360272
FIRE:   28 10:14:09    -1396.141205        5.153175
FIRE:   29 10:14:09    -1397.284670        4.951657
FIRE:   30 10:14:09    -1398.400357        4.756760
FIRE:   31 10:14:09    -1399.488565        4.569233
FIRE:   32 10:14:09    -1400.549580        4.389436
FIRE:   33 10:14:09    -1401.583718        4.217433
FIRE:   34 10:14:09    -1402.591159        4.052842
FIRE:   35 10:14:09    -1403.572308        3.898485
FIRE:   36 10:14:09    -1404.527259        3.761979
FIRE:   37 10:14:09    -1405.456140        3.632076
FIRE:   38 10:14:09    -1406.359529        3.508517
FIRE:   39 10:14:09    -1407.238167        3.391023
FIRE:   40 10:14:09    -1408.092891        3.279751
FIRE:   41 10:14:09    -1408.924536        3.174016
FIRE:   42 10:14:09    -1409.733755        3.073432
FIRE:   43 10:14:09    -1410.521154        2.977656
FIRE:   44 10:14:09    -1411.287709        2.886430
FIRE:   45 10:14:09    -1412.034078        2.799522
FIRE:   46 10:14:09    -1412.760945        2.716679
FIRE:   47 10:14:09    -1413.469274        2.637729
FIRE:   48 10:14:09    -1414.160103        2.562262
FIRE:   49 10:14:09    -1414.834362        2.490047
FIRE:   50 10:14:09    -1415.492629        2.420910
FIRE:   51 10:14:09    -1416.135459        2.354642
FIRE:   52 10:14:09    -1416.763361        2.291045
FIRE:   53 10:14:09    -1417.375820        2.229926
FIRE:   54 10:14:09    -1417.973102        2.171101
FIRE:   55 10:14:09    -1418.555690        2.114395
FIRE:   56 10:14:09    -1419.123967        2.059647
FIRE:   57 10:14:09    -1419.678155        2.006807
FIRE:   58 10:14:09    -1420.218671        1.955666
FIRE:   59 10:14:09    -1420.745954        1.906038
FIRE:   60 10:14:09    -1421.260402        1.857809
FIRE:   61 10:14:09    -1421.761598        1.810860
FIRE:   62 10:14:09    -1422.249627        1.765078
FIRE:   63 10:14:09    -1422.724849        1.720355
FIRE:   64 10:14:09    -1423.187812        1.680414
FIRE:   65 10:14:09    -1423.639168        1.727212
FIRE:   66 10:14:09    -1424.079033        1.663393
FIRE:   67 10:14:09    -1424.507635        1.593435
FIRE:   68 10:14:09    -1424.925614        1.533901
FIRE:   69 10:14:09    -1425.333736        1.500950
FIRE:   70 10:14:09    -1425.732806        1.468112
FIRE:   71 10:14:09    -1426.123619        1.463840
FIRE:   72 10:14:09    -1426.506924        1.538343
FIRE:   73 10:14:09    -1426.883382        1.586051
FIRE:   74 10:14:09    -1427.253546        1.605429
FIRE:   75 10:14:09    -1427.617839        1.596405
FIRE:   76 10:14:09    -1427.976563        1.560317
FIRE:   77 10:14:09    -1428.329902        1.499798
FIRE:   78 10:14:09    -1428.677939        1.418784
FIRE:   79 10:14:09    -1429.020695        1.322155
FIRE:   80 10:14:09    -1429.358150        1.215526
FIRE:   81 10:14:09    -1429.690256        1.132946
FIRE:   82 10:14:09    -1430.016991        1.120282
FIRE:   83 10:14:09    -1430.338365        1.180368
FIRE:   84 10:14:09    -1430.654421        1.227332
FIRE:   85 10:14:09    -1430.965244        1.259489
FIRE:   86 10:14:09    -1431.270947        1.275667
FIRE:   87 10:14:09    -1431.571670        1.275262
FIRE:   88 10:14:09    -1431.867563        1.258282
FIRE:   89 10:14:10    -1432.158781        1.225360
FIRE:   90 10:14:10    -1432.445478        1.177746
FIRE:   91 10:14:10    -1432.727799        1.117267
FIRE:   92 10:14:10    -1433.005877        1.046279
FIRE:   93 10:14:10    -1433.279836        0.967609
FIRE:   94 10:14:10    -1433.549792        0.958297
FIRE:   95 10:14:10    -1433.815862        0.963983
FIRE:   96 10:14:10    -1434.078163        0.959278
FIRE:   97 10:14:10    -1434.336813        0.944537
FIRE:   98 10:14:10    -1434.591936        0.920525
FIRE:   99 10:14:10    -1434.843662        0.910354
FIRE:  100 10:14:10    -1435.092122        0.912311
FIRE:  101 10:14:10    -1435.337456        0.914240
FIRE:  102 10:14:10    -1435.579809        0.916090
FIRE:  103 10:14:10    -1435.819324        0.917809
FIRE:  104 10:14:10    -1436.056141        0.919358
FIRE:  105 10:14:10    -1436.290401        0.920794
FIRE:  106 10:14:10    -1436.522241        0.922356
FIRE:  107 10:14:10    -1436.751791        0.923578
FIRE:  108 10:14:10    -1436.979172        0.924363
FIRE:  109 10:14:10    -1437.204497        0.924510
FIRE:  110 10:14:10    -1437.427869        0.923983
FIRE:  111 10:14:10    -1437.649380        0.922869
FIRE:  112 10:14:10    -1437.869109        0.921111
FIRE:  113 10:14:10    -1438.087124        0.918660
FIRE:  114 10:14:10    -1438.303481        0.915467
FIRE:  115 10:14:10    -1438.518218        0.911493
FIRE:  116 10:14:10    -1438.731372        0.906700
FIRE:  117 10:14:10    -1438.942968        0.901061
FIRE:  118 10:14:10    -1439.153025        0.894552
FIRE:  119 10:14:10    -1439.361550        0.894201
FIRE:  120 10:14:10    -1439.568546        0.899617
FIRE:  121 10:14:10    -1439.774007        0.905077
FIRE:  122 10:14:10    -1439.977914        0.910576
FIRE:  123 10:14:10    -1440.180293        0.916108
FIRE:  124 10:14:10    -1440.381156        0.921667
FIRE:  125 10:14:10    -1440.580521        0.927247
FIRE:  126 10:14:10    -1440.778353        0.932839
FIRE:  127 10:14:10    -1440.974625        0.938436
FIRE:  128 10:14:10    -1441.169366        0.944030
FIRE:  129 10:14:10    -1441.362611        0.949610
FIRE:  130 10:14:10    -1441.554399        0.955167
FIRE:  131 10:14:10    -1441.744766        0.960689
FIRE:  132 10:14:10    -1441.933748        0.966166
FIRE:  133 10:14:10    -1442.121381        0.971584
FIRE:  134 10:14:10    -1442.307696        0.976931
FIRE:  135 10:14:10    -1442.492720        0.982191
FIRE:  136 10:14:10    -1442.676476        0.987352
FIRE:  137 10:14:10    -1442.858982        0.992396
FIRE:  138 10:14:10    -1443.040251        0.997308
FIRE:  139 10:14:10    -1443.220294        1.002071
FIRE:  140 10:14:10    -1443.399118        1.006668
FIRE:  141 10:14:10    -1443.576727        1.011080
FIRE:  142 10:14:10    -1443.753117        1.015290
FIRE:  143 10:14:10    -1443.928286        1.019277
FIRE:  144 10:14:10    -1444.102233        1.023024
FIRE:  145 10:14:10    -1444.274959        1.026510
FIRE:  146 10:14:10    -1444.446467        1.030400
FIRE:  147 10:14:10    -1444.616773        1.034071
FIRE:  148 10:14:10    -1444.785883        1.037784
FIRE:  149 10:14:10    -1444.953814        1.041498
FIRE:  150 10:14:10    -1445.120533        1.044745
FIRE:  151 10:14:10    -1445.286038        1.048025
FIRE:  152 10:14:10    -1445.450355        1.050913
FIRE:  153 10:14:10    -1445.613507        1.053367
FIRE:  154 10:14:10    -1445.775526        1.055366
FIRE:  155 10:14:10    -1445.936433        1.056875
FIRE:  156 10:14:10    -1446.096259        1.057894
FIRE:  157 10:14:10    -1446.255041        1.058608
FIRE:  158 10:14:10    -1446.412821        1.058987
FIRE:  159 10:14:10    -1446.569637        1.058827
FIRE:  160 10:14:10    -1446.725528        1.058115
FIRE:  161 10:14:10    -1446.880529        1.056839
FIRE:  162 10:14:10    -1447.034668        1.054989
FIRE:  163 10:14:10    -1447.187974        1.052532
FIRE:  164 10:14:10    -1447.340318        1.049399
FIRE:  165 10:14:10    -1447.491510        1.045664
FIRE:  166 10:14:10    -1447.641525        1.041318
FIRE:  167 10:14:10    -1447.790336        1.036352
FIRE:  168 10:14:10    -1447.937921        1.030729
FIRE:  169 10:14:10    -1448.084263        1.024416
FIRE:  170 10:14:10    -1448.229349        1.017395
FIRE:  171 10:14:10    -1448.373169        1.009709
FIRE:  172 10:14:10    -1448.515720        1.001338
FIRE:  173 10:14:10    -1448.657001        0.992260
FIRE:  174 10:14:10    -1448.797018        0.982448
FIRE:  175 10:14:10    -1448.935777        0.971871
FIRE:  176 10:14:10    -1449.073289        0.960491
FIRE:  177 10:14:10    -1449.209563        0.948266
FIRE:  178 10:14:10    -1449.344608        0.935436
FIRE:  179 10:14:10    -1449.478434        0.921769
FIRE:  180 10:14:10    -1449.611045        0.907055
FIRE:  181 10:14:10    -1449.742431        0.891232
FIRE:  182 10:14:10    -1449.872571        0.874230
FIRE:  183 10:14:10    -1450.001451        0.855977
FIRE:  184 10:14:10    -1450.129050        0.836401
FIRE:  185 10:14:10    -1450.255339        0.815424
FIRE:  186 10:14:10    -1450.380285        0.792974
FIRE:  187 10:14:10    -1450.503850        0.769225
FIRE:  188 10:14:10    -1450.625995        0.744026
FIRE:  189 10:14:10    -1450.746671        0.717147
FIRE:  190 10:14:10    -1450.865829        0.688544
FIRE:  191 10:14:10    -1450.983418        0.684124
FIRE:  192 10:14:10    -1451.099393        0.681798
FIRE:  193 10:14:10    -1451.213715        0.679218
FIRE:  194 10:14:10    -1451.326349        0.676537
FIRE:  195 10:14:10    -1451.437264        0.673762
FIRE:  196 10:14:10    -1451.546438        0.670740
FIRE:  197 10:14:10    -1451.653857        0.667451
FIRE:  198 10:14:10    -1451.759517        0.663879
FIRE:  199 10:14:10    -1451.863429        0.660010
FIRE:  200 10:14:10    -1451.965611        0.655839
FIRE:  201 10:14:10    -1452.066091        0.651361
FIRE:  202 10:14:10    -1452.164912        0.646581
FIRE:  203 10:14:10    -1452.262120        0.641507
FIRE:  204 10:14:10    -1452.357771        0.636155
FIRE:  205 10:14:10    -1452.451928        0.630545
FIRE:  206 10:14:10    -1452.544655        0.634370
FIRE:  207 10:14:10    -1452.636024        0.666435
FIRE:  208 10:14:10    -1452.726108        0.697906
FIRE:  209 10:14:10    -1452.814984        0.728533
FIRE:  210 10:14:10    -1452.902728        0.758076
FIRE:  211 10:14:10    -1452.989420        0.786304
FIRE:  212 10:14:10    -1453.075132        0.813002
FIRE:  213 10:14:10    -1453.159939        0.837973
FIRE:  214 10:14:10    -1453.243907        0.861038
FIRE:  215 10:14:10    -1453.327099        0.882039
FIRE:  216 10:14:10    -1453.409571        0.900841
FIRE:  217 10:14:10    -1453.491370        0.917330
FIRE:  218 10:14:10    -1453.572538        0.931415
FIRE:  219 10:14:10    -1453.653112        0.943031
FIRE:  220 10:14:10    -1453.733116        0.952133
FIRE:  221 10:14:10    -1453.812572        0.958700
FIRE:  222 10:14:10    -1453.891489        0.962734
FIRE:  223 10:14:10    -1453.969859        0.964255
FIRE:  224 10:14:10    -1454.047650        0.963305
FIRE:  225 10:14:10    -1454.124851        0.959943
FIRE:  226 10:14:10    -1454.201452        0.954247
FIRE:  227 10:14:10    -1454.277440        0.946310
FIRE:  228 10:14:10    -1454.352558        0.958456
FIRE:  229 10:14:10    -1454.426602        0.971915
FIRE:  230 10:14:10    -1454.499541        0.983141
FIRE:  231 10:14:10    -1454.571352        0.992199
FIRE:  232 10:14:10    -1454.642018        0.999162
FIRE:  233 10:14:10    -1454.711529        1.004134
FIRE:  234 10:14:10    -1454.779881        1.007155
FIRE:  235 10:14:10    -1454.847080        1.008303
FIRE:  236 10:14:10    -1454.913142        1.007661
FIRE:  237 10:14:10    -1454.978089        1.005309
FIRE:  238 10:14:10    -1455.041956        1.001329
FIRE:  239 10:14:10    -1455.104778        0.995803
FIRE:  240 10:14:10    -1455.166602        0.988810
FIRE:  241 10:14:10    -1455.227483        0.980428
FIRE:  242 10:14:10    -1455.287478        0.970736
FIRE:  243 10:14:10    -1455.346651        1.015335
FIRE:  244 10:14:10    -1455.405069        1.068957
FIRE:  245 10:14:10    -1455.462804        1.120598
FIRE:  246 10:14:10    -1455.519927        1.169903
FIRE:  247 10:14:10    -1455.576507        1.216552
FIRE:  248 10:14:10    -1455.632613        1.260264
FIRE:  249 10:14:10    -1455.688312        1.300793
FIRE:  250 10:14:10    -1455.743659        1.347235
FIRE:  251 10:14:10    -1455.798588        1.410946
FIRE:  252 10:14:10    -1455.853146        1.468985
FIRE:  253 10:14:10    -1455.907402        1.520729
FIRE:  254 10:14:10    -1455.961443        1.565625
FIRE:  255 10:14:10    -1456.015348        1.603191
FIRE:  256 10:14:10    -1456.069173        1.633027
FIRE:  257 10:14:10    -1456.122956        1.654808
FIRE:  258 10:14:10    -1456.176732        1.668294
FIRE:  259 10:14:10    -1456.230521        1.673326
FIRE:  260 10:14:10    -1456.284321        1.669829
FIRE:  261 10:14:11    -1456.338117        1.657808
FIRE:  262 10:14:11    -1456.391878        1.637350
FIRE:  263 10:14:11    -1456.445561        1.608619
FIRE:  264 10:14:11    -1456.499108        1.571855
FIRE:  265 10:14:11    -1456.552451        1.527367
FIRE:  266 10:14:11    -1456.605507        1.475532
FIRE:  267 10:14:11    -1456.658186        1.416788
FIRE:  268 10:14:11    -1456.710393        1.351627
FIRE:  269 10:14:11    -1456.762028        1.280591
FIRE:  270 10:14:11    -1456.812994        1.204263
FIRE:  271 10:14:11    -1456.863267        1.149827
FIRE:  272 10:14:11    -1456.912885        1.095422
FIRE:  273 10:14:11    -1456.961796        1.081633
FIRE:  274 10:14:11    -1457.009948        1.077668
FIRE:  275 10:14:11    -1457.057295        1.073443
FIRE:  276 10:14:11    -1457.103795        1.069249
FIRE:  277 10:14:11    -1457.149410        1.065372
FIRE:  278 10:14:11    -1457.194108        1.062085
FIRE:  279 10:14:11    -1457.237862        1.059640
FIRE:  280 10:14:11    -1457.280657        1.058261
FIRE:  281 10:14:11    -1457.322486        1.058140
FIRE:  282 10:14:11    -1457.363348        1.059427
FIRE:  283 10:14:11    -1457.403250        1.062229
FIRE:  284 10:14:11    -1457.442209        1.066606
FIRE:  285 10:14:11    -1457.480251        1.072583
FIRE:  286 10:14:11    -1457.517413        1.080134
FIRE:  287 10:14:11    -1457.553740        1.089170
FIRE:  288 10:14:11    -1457.589285        1.099581
FIRE:  289 10:14:11    -1457.624108        1.111223
FIRE:  290 10:14:11    -1457.658278        1.123930
FIRE:  291 10:14:11    -1457.691869        1.137514
FIRE:  292 10:14:11    -1457.724964        1.151777
FIRE:  293 10:14:11    -1457.757652        1.166514
FIRE:  294 10:14:11    -1457.790019        1.181516
FIRE:  295 10:14:11    -1457.822128        1.196579
FIRE:  296 10:14:11    -1457.854068        1.211506
FIRE:  297 10:14:11    -1457.885944        1.226107
FIRE:  298 10:14:11    -1457.917859        1.240205
FIRE:  299 10:14:11    -1457.949919        1.253636
FIRE:  300 10:14:11    -1457.982229        1.266248
FIRE:  301 10:14:11    -1458.014892        1.277906
FIRE:  302 10:14:11    -1458.048012        1.288485
FIRE:  303 10:14:11    -1458.081688        1.297878
FIRE:  304 10:14:11    -1458.116019        1.305991
FIRE:  305 10:14:11    -1458.151097        1.312742
FIRE:  306 10:14:11    -1458.187010        1.318062
FIRE:  307 10:14:11    -1458.223839        1.321896
FIRE:  308 10:14:11    -1458.261665        1.324200
FIRE:  309 10:14:11    -1458.300541        1.357676
FIRE:  310 10:14:11    -1458.339823        1.390409
FIRE:  311 10:14:11    -1458.379121        1.420446
FIRE:  312 10:14:11    -1458.418428        1.447793
FIRE:  313 10:14:11    -1458.457744        1.472506
FIRE:  314 10:14:11    -1458.497077        1.494614
FIRE:  315 10:14:11    -1458.536446        1.514084
FIRE:  316 10:14:11    -1458.575881        1.530944
FIRE:  317 10:14:11    -1458.615425        1.545227
FIRE:  318 10:14:11    -1458.655128        1.556970
FIRE:  319 10:14:11    -1458.695052        1.566215
FIRE:  320 10:14:11    -1458.735271        1.573006
FIRE:  321 10:14:11    -1458.775867        1.577393
FIRE:  322 10:14:11    -1458.816929        1.579426
FIRE:  323 10:14:11    -1458.858545        1.579161
FIRE:  324 10:14:11    -1458.900791        1.692034
FIRE:  325 10:14:11    -1458.943754        1.799506
FIRE:  326 10:14:11    -1458.987521        1.899811
FIRE:  327 10:14:11    -1459.032170        1.992036
FIRE:  328 10:14:11    -1459.077768        2.075341
FIRE:  329 10:14:11    -1459.124371        2.148971
FIRE:  330 10:14:11    -1459.172018        2.212272
FIRE:  331 10:14:11    -1459.220730        2.264733
FIRE:  332 10:14:11    -1459.270506        2.305916
FIRE:  333 10:14:11    -1459.321346        2.335483
FIRE:  334 10:14:11    -1459.373204        2.353250
FIRE:  335 10:14:11    -1459.426007        2.359167
FIRE:  336 10:14:11    -1459.479658        2.353313
FIRE:  337 10:14:11    -1459.534039        2.335891
FIRE:  338 10:14:11    -1459.589014        2.307227
FIRE:  339 10:14:11    -1459.644432        2.267759
FIRE:  340 10:14:11    -1459.700132        2.218026
FIRE:  341 10:14:11    -1459.755941        2.158658
FIRE:  342 10:14:11    -1459.811685        2.090364
FIRE:  343 10:14:11    -1459.867190        2.013915
FIRE:  344 10:14:11    -1459.922286        1.930139
FIRE:  345 10:14:11    -1459.976807        1.839900
FIRE:  346 10:14:11    -1460.030599        1.744093
FIRE:  347 10:14:11    -1460.083526        1.643628
FIRE:  348 10:14:11    -1460.135468        1.539423
FIRE:  349 10:14:11    -1460.186324        1.432392
FIRE:  350 10:14:11    -1460.236010        1.323445
FIRE:  351 10:14:11    -1460.284462        1.213479
FIRE:  352 10:14:11    -1460.331638        1.103386
FIRE:  353 10:14:11    -1460.377516        0.994059
FIRE:  354 10:14:11    -1460.422093        0.911431
FIRE:  355 10:14:11    -1460.465381        1.043569
FIRE:  356 10:14:11    -1460.507409        1.166996
FIRE:  357 10:14:11    -1460.548220        1.280715
FIRE:  358 10:14:11    -1460.587867        1.383857
FIRE:  359 10:14:11    -1460.626407        1.475797
FIRE:  360 10:14:11    -1460.663903        1.556120
FIRE:  361 10:14:11    -1460.700420        1.624544
FIRE:  362 10:14:11    -1460.736020        1.680956
FIRE:  363 10:14:11    -1460.770765        1.725401
FIRE:  364 10:14:11    -1460.804705        1.758068
FIRE:  365 10:14:11    -1460.837920        1.751060
FIRE:  366 10:14:11    -1460.870618        1.706008
FIRE:  367 10:14:11    -1460.902827        1.655883
FIRE:  368 10:14:11    -1460.934546        1.601196
FIRE:  369 10:14:11    -1460.965757        1.542495
FIRE:  370 10:14:11    -1460.996443        1.480352
FIRE:  371 10:14:11    -1461.026591        1.415345
FIRE:  372 10:14:11    -1461.056188        1.348045
FIRE:  373 10:14:11    -1461.085229        1.279010
FIRE:  374 10:14:11    -1461.113706        1.208776
FIRE:  375 10:14:11    -1461.141614        1.137846
FIRE:  376 10:14:11    -1461.168948        1.066690
FIRE:  377 10:14:11    -1461.195710        1.094933
FIRE:  378 10:14:11    -1461.221899        1.151489
FIRE:  379 10:14:11    -1461.247518        1.203186
FIRE:  380 10:14:11    -1461.272573        1.249797
FIRE:  381 10:14:11    -1461.297071        1.291155
FIRE:  382 10:14:11    -1461.321021        1.327146
FIRE:  383 10:14:11    -1461.344434        1.357703
FIRE:  384 10:14:11    -1461.367322        1.382805
FIRE:  385 10:14:11    -1461.389697        1.402466
FIRE:  386 10:14:11    -1461.411576        1.416732
FIRE:  387 10:14:11    -1461.432973        1.425676
FIRE:  388 10:14:11    -1461.453906        1.429396
FIRE:  389 10:14:11    -1461.474393        1.428007
FIRE:  390 10:14:11    -1461.494455        1.421642
FIRE:  391 10:14:11    -1461.514112        1.410444
FIRE:  392 10:14:11    -1461.533383        1.394568
FIRE:  393 10:14:11    -1461.552291        1.374176
FIRE:  394 10:14:11    -1461.570855        1.349503
FIRE:  395 10:14:11    -1461.589100        1.352634
FIRE:  396 10:14:11    -1461.607049        1.391667
FIRE:  397 10:14:11    -1461.624720        1.428774
FIRE:  398 10:14:11    -1461.642137        1.463829
FIRE:  399 10:14:11    -1461.659320        1.496716
FIRE:  400 10:14:11    -1461.676291        1.527333
FIRE:  401 10:14:11    -1461.693065        1.558628
FIRE:  402 10:14:11    -1461.709614        1.604056
FIRE:  403 10:14:11    -1461.725946        1.645531
FIRE:  404 10:14:11    -1461.742098        1.682783
FIRE:  405 10:14:11    -1461.758103        1.715570
FIRE:  406 10:14:11    -1461.773995        1.743674
FIRE:  407 10:14:11    -1461.789803        1.766914
FIRE:  408 10:14:11    -1461.805551        1.785135
FIRE:  409 10:14:11    -1461.821261        1.798222
FIRE:  410 10:14:11    -1461.836949        1.806089
FIRE:  411 10:14:11    -1461.852628        1.808691
FIRE:  412 10:14:11    -1461.868307        1.806018
FIRE:  413 10:14:11    -1461.883992        1.798093
FIRE:  414 10:14:11    -1461.899689        1.784977
FIRE:  415 10:14:11    -1461.915398        1.766765
FIRE:  416 10:14:11    -1461.931121        1.743593
FIRE:  417 10:14:11    -1461.946856        1.730284
FIRE:  418 10:14:11    -1461.962606        1.733264
FIRE:  419 10:14:11    -1461.978370        1.733483
FIRE:  420 10:14:11    -1461.994146        1.730937
FIRE:  421 10:14:11    -1462.009846        1.725629
FIRE:  422 10:14:11    -1462.025443        1.717571
FIRE:  423 10:14:11    -1462.040979        1.706785
FIRE:  424 10:14:11    -1462.056508        1.693299
FIRE:  425 10:14:11    -1462.072053        1.677151
FIRE:  426 10:14:11    -1462.087645        1.658384
FIRE:  427 10:14:11    -1462.103312        1.679573
FIRE:  428 10:14:11    -1462.119082        1.739681
FIRE:  429 10:14:11    -1462.134984        1.798582
FIRE:  430 10:14:12    -1462.151047        1.855936
FIRE:  431 10:14:12    -1462.167299        1.911410
FIRE:  432 10:14:12    -1462.183765        1.964687
FIRE:  433 10:14:12    -1462.200469        2.015467
FIRE:  434 10:14:12    -1462.217433        2.063469
FIRE:  435 10:14:12    -1462.234676        2.108438
FIRE:  436 10:14:12    -1462.252213        2.150143
FIRE:  437 10:14:12    -1462.270058        2.188379
FIRE:  438 10:14:12    -1462.288214        2.222968
FIRE:  439 10:14:12    -1462.306683        2.253760
FIRE:  440 10:14:12    -1462.325425        2.301141
FIRE:  441 10:14:12    -1462.344384        2.346943
FIRE:  442 10:14:12    -1462.363587        2.386478
FIRE:  443 10:14:12    -1462.383052        2.419385
FIRE:  444 10:14:12    -1462.402797        2.445356
FIRE:  445 10:14:12    -1462.422844        2.464141
FIRE:  446 10:14:12    -1462.443148        2.475548
FIRE:  447 10:14:12    -1462.463597        2.479443
FIRE:  448 10:14:12    -1462.484152        2.475757
FIRE:  449 10:14:12    -1462.504767        2.464482
FIRE:  450 10:14:12    -1462.525389        2.445672
FIRE:  451 10:14:12    -1462.545959        2.419441
FIRE:  452 10:14:12    -1462.566411        2.385964
FIRE:  453 10:14:12    -1462.586676        2.345474
FIRE:  454 10:14:12    -1462.606679        2.298258
FIRE:  455 10:14:12    -1462.626340        2.244653
FIRE:  456 10:14:12    -1462.645584        2.185046
FIRE:  457 10:14:12    -1462.664342        2.119895
FIRE:  458 10:14:12    -1462.682547        2.049829
FIRE:  459 10:14:12    -1462.700170        1.992501
FIRE:  460 10:14:12    -1462.717266        1.940075
FIRE:  461 10:14:12    -1462.733830        1.884974
FIRE:  462 10:14:12    -1462.749858        1.827414
FIRE:  463 10:14:12    -1462.765352        1.767630
FIRE:  464 10:14:12    -1462.780322        1.705875
FIRE:  465 10:14:12    -1462.794785        1.642418
FIRE:  466 10:14:12    -1462.808763        1.577543
FIRE:  467 10:14:12    -1462.822283        1.511549
FIRE:  468 10:14:12    -1462.835382        1.444747
FIRE:  469 10:14:12    -1462.848100        1.392096
FIRE:  470 10:14:12    -1462.860484        1.347840
FIRE:  471 10:14:12    -1462.872584        1.353457
FIRE:  472 10:14:12    -1462.884455        1.366026
FIRE:  473 10:14:12    -1462.896153        1.376679
FIRE:  474 10:14:12    -1462.907742        1.385380
FIRE:  475 10:14:12    -1462.919229        1.392103
FIRE:  476 10:14:12    -1462.930466        1.396824
FIRE:  477 10:14:12    -1462.941474        1.399493
FIRE:  478 10:14:12    -1462.952292        1.400123
FIRE:  479 10:14:12    -1462.962957        1.398723
FIRE:  480 10:14:12    -1462.973515        1.395296
FIRE:  481 10:14:12    -1462.984008        1.389851
FIRE:  482 10:14:12    -1462.994476        1.382474
FIRE:  483 10:14:12    -1463.004962        1.374813
FIRE:  484 10:14:12    -1463.015509        1.367413
FIRE:  485 10:14:12    -1463.026107        1.358207
FIRE:  486 10:14:12    -1463.036777        1.347226
FIRE:  487 10:14:12    -1463.047565        1.334507
FIRE:  488 10:14:12    -1463.058526        1.320092
FIRE:  489 10:14:12    -1463.069715        1.341680
FIRE:  490 10:14:12    -1463.081197        1.363691
FIRE:  491 10:14:12    -1463.093036        1.425672
FIRE:  492 10:14:12    -1463.105306        1.500645
FIRE:  493 10:14:12    -1463.118077        1.573694
FIRE:  494 10:14:12    -1463.131429        1.644237
FIRE:  495 10:14:12    -1463.145442        1.711685
FIRE:  496 10:14:12    -1463.160197        1.775446
FIRE:  497 10:14:12    -1463.175774        1.834937
FIRE:  498 10:14:12    -1463.192250        1.889585
FIRE:  499 10:14:12    -1463.209694        1.938838
FIRE:  500 10:14:12    -1463.228172        1.982172
FIRE:  501 10:14:12    -1463.247744        2.019095
FIRE:  502 10:14:12    -1463.268461        2.049153
FIRE:  503 10:14:12    -1463.290361        2.071937
FIRE:  504 10:14:12    -1463.313468        2.087087
FIRE:  505 10:14:12    -1463.337793        2.094292
FIRE:  506 10:14:12    -1463.363330        2.093301
FIRE:  507 10:14:12    -1463.390057        2.083917
FIRE:  508 10:14:12    -1463.417931        2.066005
FIRE:  509 10:14:12    -1463.446891        2.039490
FIRE:  510 10:14:12    -1463.476857        2.004357
FIRE:  511 10:14:12    -1463.507731        1.960651
FIRE:  512 10:14:12    -1463.539401        1.908480
FIRE:  513 10:14:12    -1463.571739        1.860207
FIRE:  514 10:14:12    -1463.604607        1.825845
FIRE:  515 10:14:12    -1463.637857        1.785566
FIRE:  516 10:14:12    -1463.671329        1.739730
FIRE:  517 10:14:12    -1463.704855        1.688754
FIRE:  518 10:14:12    -1463.738268        1.633144
FIRE:  519 10:14:12    -1463.771404        1.573286
FIRE:  520 10:14:12    -1463.804101        1.509678
FIRE:  521 10:14:12    -1463.836206        1.442839
FIRE:  522 10:14:12    -1463.867572        1.373305
FIRE:  523 10:14:12    -1463.898063        1.301616
FIRE:  524 10:14:12    -1463.927560        1.229125
FIRE:  525 10:14:12    -1463.955964        1.209127
FIRE:  526 10:14:12    -1463.983193        1.187801
FIRE:  527 10:14:12    -1464.009183        1.165358
FIRE:  528 10:14:12    -1464.033888        1.141997
FIRE:  529 10:14:12    -1464.057283        1.117907
FIRE:  530 10:14:12    -1464.079361        1.093263
FIRE:  531 10:14:12    -1464.100134        1.068225
FIRE:  532 10:14:12    -1464.119633        1.083679
FIRE:  533 10:14:12    -1464.137909        1.131963
FIRE:  534 10:14:12    -1464.155025        1.176892
FIRE:  535 10:14:12    -1464.171060        1.218068
FIRE:  536 10:14:12    -1464.186106        1.255115
FIRE:  537 10:14:12    -1464.200265        1.287672
FIRE:  538 10:14:12    -1464.213651        1.315394
FIRE:  539 10:14:12    -1464.226383        1.337978
FIRE:  540 10:14:12    -1464.238587        1.451239
FIRE:  541 10:14:12    -1464.250391        1.560044
FIRE:  542 10:14:12    -1464.261921        1.663409
FIRE:  543 10:14:12    -1464.273304        1.760915
FIRE:  544 10:14:12    -1464.284659        1.852181
FIRE:  545 10:14:12    -1464.296096        1.936866
FIRE:  546 10:14:12    -1464.307723        2.014667
FIRE:  547 10:14:12    -1464.319635        2.085317
FIRE:  548 10:14:12    -1464.331920        2.148591
FIRE:  549 10:14:12    -1464.344654        2.204354
FIRE:  550 10:14:12    -1464.357901        2.252414
FIRE:  551 10:14:12    -1464.371715        2.292674
FIRE:  552 10:14:12    -1464.386137        2.325076
FIRE:  553 10:14:12    -1464.401202        2.349602
FIRE:  554 10:14:12    -1464.416966        2.366282
FIRE:  555 10:14:12    -1464.433438        2.375189
FIRE:  556 10:14:12    -1464.450611        2.376440
FIRE:  557 10:14:12    -1464.468467        2.370189
FIRE:  558 10:14:12    -1464.486979        2.356634
FIRE:  559 10:14:12    -1464.506112        2.336008
FIRE:  560 10:14:12    -1464.525822        2.308576
FIRE:  561 10:14:12    -1464.546062        2.274639
FIRE:  562 10:14:12    -1464.566780        2.234525
FIRE:  563 10:14:12    -1464.587922        2.188584
FIRE:  564 10:14:12    -1464.609431        2.137190
FIRE:  565 10:14:12    -1464.631250        2.080731
FIRE:  566 10:14:12    -1464.653316        2.019608
FIRE:  567 10:14:12    -1464.675574        1.954229
FIRE:  568 10:14:12    -1464.697971        1.885005
FIRE:  569 10:14:12    -1464.720454        1.812347
FIRE:  570 10:14:12    -1464.742985        1.736661
FIRE:  571 10:14:12    -1464.765524        1.658346
FIRE:  572 10:14:12    -1464.788034        1.577792
FIRE:  573 10:14:12    -1464.810486        1.495375
FIRE:  574 10:14:12    -1464.832853        1.411450
FIRE:  575 10:14:12    -1464.855118        1.326363
FIRE:  576 10:14:12    -1464.877264        1.240447
FIRE:  577 10:14:12    -1464.899277        1.154152
FIRE:  578 10:14:12    -1464.921147        1.163220
FIRE:  579 10:14:12    -1464.942866        1.170577
FIRE:  580 10:14:12    -1464.964429        1.176231
FIRE:  581 10:14:12    -1464.985832        1.180192
FIRE:  582 10:14:12    -1465.007073        1.182475
FIRE:  583 10:14:12    -1465.028151        1.183097
FIRE:  584 10:14:12    -1465.049068        1.182079
FIRE:  585 10:14:12    -1465.069825        1.179445
FIRE:  586 10:14:12    -1465.090427        1.178605
FIRE:  587 10:14:12    -1465.110876        1.182680
FIRE:  588 10:14:12    -1465.131178        1.180224
FIRE:  589 10:14:12    -1465.151337        1.171315
FIRE:  590 10:14:12    -1465.171360        1.156080
FIRE:  591 10:14:12    -1465.191254        1.155077
FIRE:  592 10:14:12    -1465.211028        1.158103
FIRE:  593 10:14:12    -1465.230693        1.158123
FIRE:  594 10:14:12    -1465.250260        1.155117
FIRE:  595 10:14:12    -1465.269735        1.149067
FIRE:  596 10:14:12    -1465.289137        1.139962
FIRE:  597 10:14:13    -1465.308461        1.127790
FIRE:  598 10:14:13    -1465.327597        1.112549
FIRE:  599 10:14:13    -1465.346540        1.094240
FIRE:  600 10:14:13    -1465.365306        1.072873
FIRE:  601 10:14:13    -1465.383914        1.051859
FIRE:  602 10:14:13    -1465.402389        1.060337
FIRE:  603 10:14:13    -1465.420762        1.104195
FIRE:  604 10:14:13    -1465.439067        1.167685
FIRE:  605 10:14:13    -1465.457340        1.228658
FIRE:  606 10:14:13    -1465.475623        1.286851
FIRE:  607 10:14:13    -1465.493984        1.342012
FIRE:  608 10:14:13    -1465.512476        1.393903
FIRE:  609 10:14:13    -1465.531140        1.442295
FIRE:  610 10:14:13    -1465.550022        1.486967
FIRE:  611 10:14:13    -1465.569165        1.527729
FIRE:  612 10:14:13    -1465.588612        1.564401
FIRE:  613 10:14:13    -1465.608402        1.596822
FIRE:  614 10:14:13    -1465.628574        1.624853
FIRE:  615 10:14:13    -1465.649165        1.648375
FIRE:  616 10:14:13    -1465.670209        1.667296
FIRE:  617 10:14:13    -1465.691735        1.681548
FIRE:  618 10:14:13    -1465.713770        1.691089
FIRE:  619 10:14:13    -1465.736344        1.695904
FIRE:  620 10:14:13    -1465.759477        1.696007
FIRE:  621 10:14:13    -1465.783174        1.691440
FIRE:  622 10:14:13    -1465.807440        1.682273
FIRE:  623 10:14:13    -1465.832279        1.668605
FIRE:  624 10:14:13    -1465.857688        1.650561
FIRE:  625 10:14:13    -1465.883664        1.628294
FIRE:  626 10:14:13    -1465.910196        1.601982
FIRE:  627 10:14:13    -1465.937268        1.571829
FIRE:  628 10:14:13    -1465.964863        1.538063
FIRE:  629 10:14:13    -1465.992941        1.500937
FIRE:  630 10:14:13    -1466.021442        1.460722
FIRE:  631 10:14:13    -1466.050334        1.417714
FIRE:  632 10:14:13    -1466.079589        1.387926
FIRE:  633 10:14:13    -1466.109175        1.393365
FIRE:  634 10:14:13    -1466.139057        1.392833
FIRE:  635 10:14:13    -1466.169197        1.386329
FIRE:  636 10:14:13    -1466.199557        1.373904
FIRE:  637 10:14:13    -1466.230095        1.355657
FIRE:  638 10:14:13    -1466.260773        1.331743
FIRE:  639 10:14:13    -1466.291550        1.302365
FIRE:  640 10:14:13    -1466.322385        1.267783
FIRE:  641 10:14:13    -1466.353238        1.228304
FIRE:  642 10:14:13    -1466.384071        1.184286
FIRE:  643 10:14:13    -1466.414844        1.185904
FIRE:  644 10:14:13    -1466.445517        1.250737
FIRE:  645 10:14:13    -1466.476048        1.311188
FIRE:  646 10:14:13    -1466.506402        1.366872
FIRE:  647 10:14:13    -1466.536543        1.417422
FIRE:  648 10:14:13    -1466.566436        1.462492
FIRE:  649 10:14:13    -1466.596045        1.501760
FIRE:  650 10:14:13    -1466.625332        1.534925
FIRE:  651 10:14:13    -1466.654263        1.561715
FIRE:  652 10:14:13    -1466.682800        1.581887
FIRE:  653 10:14:13    -1466.710921        1.595231
FIRE:  654 10:14:13    -1466.738598        1.601573
FIRE:  655 10:14:13    -1466.765798        1.600779
FIRE:  656 10:14:13    -1466.792484        1.592757
FIRE:  657 10:14:13    -1466.818593        1.577464
FIRE:  658 10:14:13    -1466.844079        1.554905
FIRE:  659 10:14:13    -1466.868895        1.525136
FIRE:  660 10:14:13    -1466.892998        1.488281
FIRE:  661 10:14:13    -1466.916344        1.444598
FIRE:  662 10:14:13    -1466.938889        1.394205
FIRE:  663 10:14:13    -1466.960591        1.337387
FIRE:  664 10:14:13    -1466.981408        1.274486
FIRE:  665 10:14:13    -1467.001303        1.205907
FIRE:  666 10:14:13    -1467.020244        1.132117
FIRE:  667 10:14:13    -1467.038201        1.064986
FIRE:  668 10:14:13    -1467.055145        1.096115
FIRE:  669 10:14:13    -1467.071050        1.126079
FIRE:  670 10:14:13    -1467.085898        1.154761
FIRE:  671 10:14:13    -1467.099677        1.182059
FIRE:  672 10:14:13    -1467.112333        1.207878
FIRE:  673 10:14:13    -1467.123800        1.232132
FIRE:  674 10:14:13    -1467.134081        1.254740
FIRE:  675 10:14:13    -1467.143184        1.275629
FIRE:  676 10:14:13    -1467.151127        1.294729
FIRE:  677 10:14:13    -1467.157931        1.311975
FIRE:  678 10:14:13    -1467.163628        1.327306
FIRE:  679 10:14:13    -1467.168252        1.340665
FIRE:  680 10:14:13    -1467.171851        1.352001
FIRE:  681 10:14:13    -1467.174477        1.361268
FIRE:  682 10:14:13    -1467.176189        1.368420
FIRE:  683 10:14:13    -1467.481641        1.104480
FIRE:  684 10:14:13    -1467.756925        0.884799
FIRE:  685 10:14:13    -1468.007970        0.847981
FIRE:  686 10:14:13    -1468.239465        0.811422
FIRE:  687 10:14:13    -1468.455126        0.775120
FIRE:  688 10:14:13    -1468.657955        0.739068
FIRE:  689 10:14:13    -1468.850333        0.703268
FIRE:  690 10:14:13    -1469.034262        0.667187
FIRE:  691 10:14:13    -1469.211100        0.631307
FIRE:  692 10:14:13    -1469.381636        0.595854
FIRE:  693 10:14:13    -1469.546223        0.560915
FIRE:  694 10:14:13    -1469.704972        0.526590
FIRE:  695 10:14:13    -1469.857949        0.504563
FIRE:  696 10:14:13    -1470.005322        0.493886
FIRE:  697 10:14:13    -1470.147340        0.483478
FIRE:  698 10:14:13    -1470.284315        0.473268
FIRE:  699 10:14:13    -1470.416627        0.463190
FIRE:  700 10:14:13    -1470.544638        0.453191
FIRE:  701 10:14:13    -1470.668658        0.443232
FIRE:  702 10:14:13    -1470.788956        0.433290
FIRE:  703 10:14:13    -1470.905779        0.423348
FIRE:  704 10:14:13    -1471.019355        0.413398
FIRE:  705 10:14:13    -1471.129907        0.411282
FIRE:  706 10:14:13    -1471.237645        0.409418
FIRE:  707 10:14:13    -1471.342753        0.407313
FIRE:  708 10:14:13    -1471.445382        0.404968
FIRE:  709 10:14:13    -1471.545656        0.402383
FIRE:  710 10:14:13    -1471.643682        0.399556
FIRE:  711 10:14:13    -1471.739550        0.396481
FIRE:  712 10:14:13    -1471.833338        0.393149
FIRE:  713 10:14:13    -1471.925121        0.389547
FIRE:  714 10:14:13    -1472.014976        0.385663
FIRE:  715 10:14:13    -1472.102974        0.381407
FIRE:  716 10:14:13    -1472.189180        0.376840
FIRE:  717 10:14:13    -1472.273663        0.371956
FIRE:  718 10:14:13    -1472.356485        0.366839
FIRE:  719 10:14:13    -1472.437706        0.361506
FIRE:  720 10:14:13    -1472.517373        0.355848
FIRE:  721 10:14:13    -1472.595530        0.349862
FIRE:  722 10:14:13    -1472.672216        0.343546
FIRE:  723 10:14:13    -1472.747472        0.339179
FIRE:  724 10:14:13    -1472.821340        0.338821
FIRE:  725 10:14:13    -1472.893865        0.338149
FIRE:  726 10:14:13    -1472.965091        0.337147
FIRE:  727 10:14:13    -1473.035062        0.335802
FIRE:  728 10:14:13    -1473.103822        0.334103
FIRE:  729 10:14:13    -1473.171413        0.332041
FIRE:  730 10:14:13    -1473.237875        0.329610
FIRE:  731 10:14:13    -1473.303246        0.326804
FIRE:  732 10:14:13    -1473.367559        0.323774
FIRE:  733 10:14:13    -1473.430853        0.320477
FIRE:  734 10:14:13    -1473.493161        0.316805
FIRE:  735 10:14:13    -1473.554519        0.312763
FIRE:  736 10:14:13    -1473.614959        0.308264
FIRE:  737 10:14:13    -1473.674512        0.303173
FIRE:  738 10:14:13    -1473.733208        0.297716
FIRE:  739 10:14:13    -1473.791077        0.291898
FIRE:  740 10:14:13    -1473.848150        0.292498
FIRE:  741 10:14:13    -1473.904454        0.295704
FIRE:  742 10:14:13    -1473.960020        0.298966
FIRE:  743 10:14:13    -1474.014881        0.302185
FIRE:  744 10:14:13    -1474.069065        0.305278
FIRE:  745 10:14:13    -1474.122603        0.308194
FIRE:  746 10:14:13    -1474.175521        0.310876
FIRE:  747 10:14:13    -1474.227841        0.313262
FIRE:  748 10:14:13    -1474.279580        0.315287
FIRE:  749 10:14:13    -1474.330756        0.316880
FIRE:  750 10:14:13    -1474.381381        0.317969
FIRE:  751 10:14:13    -1474.431464        0.318480
FIRE:  752 10:14:13    -1474.481019        0.318339
FIRE:  753 10:14:13    -1474.530047        0.317474
FIRE:  754 10:14:13    -1474.578550        0.315818
FIRE:  755 10:14:13    -1474.626528        0.313349
FIRE:  756 10:14:13    -1474.673976        0.309869
FIRE:  757 10:14:13    -1474.720888        0.305422
FIRE:  758 10:14:13    -1474.767255        0.299972
FIRE:  759 10:14:13    -1474.813064        0.293491
FIRE:  760 10:14:13    -1474.858306        0.285962
FIRE:  761 10:14:13    -1474.902967        0.277377
FIRE:  762 10:14:13    -1474.947037        0.267740
FIRE:  763 10:14:13    -1474.990503        0.257061
FIRE:  764 10:14:13    -1475.033354        0.245364
FIRE:  765 10:14:14    -1475.075580        0.232684
FIRE:  766 10:14:14    -1475.117171        0.219080
FIRE:  767 10:14:14    -1475.158121        0.212633
FIRE:  768 10:14:14    -1475.198424        0.212496
FIRE:  769 10:14:14    -1475.238076        0.212059
FIRE:  770 10:14:14    -1475.277076        0.211299
FIRE:  771 10:14:14    -1475.315428        0.210193
FIRE:  772 10:14:14    -1475.353139        0.208719
FIRE:  773 10:14:14    -1475.390225        0.206854
FIRE:  774 10:14:14    -1475.426712        0.204578
FIRE:  775 10:14:14    -1475.462632        0.201872
FIRE:  776 10:14:14    -1475.498028        0.198718
FIRE:  777 10:14:14    -1475.532947        0.195100
FIRE:  778 10:14:14    -1475.567442        0.200514
FIRE:  779 10:14:14    -1475.601568        0.218313
FIRE:  780 10:14:14    -1475.635380        0.233615
FIRE:  781 10:14:14    -1475.668931        0.245983
FIRE:  782 10:14:14    -1475.702278        0.255069
FIRE:  783 10:14:14    -1475.735457        0.260629
FIRE:  784 10:14:14    -1475.768397        0.262545
FIRE:  785 10:14:14    -1475.800984        0.260808
FIRE:  786 10:14:14    -1475.833202        0.255539
FIRE:  787 10:14:14    -1475.865032        0.246984
FIRE:  788 10:14:14    -1475.896454        0.235508
FIRE:  789 10:14:14    -1475.927449        0.221530
FIRE:  790 10:14:14    -1475.958000        0.205539
FIRE:  791 10:14:14    -1475.988096        0.188057
FIRE:  792 10:14:14    -1476.017728        0.169617
FIRE:  793 10:14:14    -1476.046894        0.150744
FIRE:  794 10:14:14    -1476.075597        0.133437
FIRE:  795 10:14:14    -1476.103841        0.141823
FIRE:  796 10:14:14    -1476.131653        0.150567
FIRE:  797 10:14:14    -1476.159065        0.159521
FIRE:  798 10:14:14    -1476.186117        0.168531
FIRE:  799 10:14:14    -1476.212852        0.177436
FIRE:  800 10:14:14    -1476.239316        0.186076
FIRE:  801 10:14:14    -1476.265556        0.194291
FIRE:  802 10:14:14    -1476.291614        0.201928
FIRE:  803 10:14:14    -1476.317533        0.208845
FIRE:  804 10:14:14    -1476.343346        0.214915
FIRE:  805 10:14:14    -1476.369086        0.220026
FIRE:  806 10:14:14    -1476.394773        0.224093
FIRE:  807 10:14:14    -1476.420425        0.227049
FIRE:  808 10:14:14    -1476.446051        0.228855
FIRE:  809 10:14:14    -1476.471658        0.229501
FIRE:  810 10:14:14    -1476.497247        0.229004
FIRE:  811 10:14:14    -1476.522815        0.227405
FIRE:  812 10:14:14    -1476.548360        0.224771
FIRE:  813 10:14:14    -1476.573877        0.221189
FIRE:  814 10:14:14    -1476.599361        0.216761
FIRE:  815 10:14:14    -1476.624806        0.211603
FIRE:  816 10:14:14    -1476.650207        0.205836
FIRE:  817 10:14:14    -1476.675558        0.199586
FIRE:  818 10:14:14    -1476.700851        0.192972
FIRE:  819 10:14:14    -1476.726044        0.186110
FIRE:  820 10:14:14    -1476.751127        0.179104
FIRE:  821 10:14:14    -1476.776104        0.172042
FIRE:  822 10:14:14    -1476.800984        0.173623
FIRE:  823 10:14:14    -1476.825778        0.180836
FIRE:  824 10:14:14    -1476.850500        0.188288
FIRE:  825 10:14:14    -1476.875166        0.195962
FIRE:  826 10:14:14    -1476.899794        0.203838
FIRE:  827 10:14:14    -1476.924402        0.211889
FIRE:  828 10:14:14    -1476.949006        0.220081
FIRE:  829 10:14:14    -1476.973624        0.228379
FIRE:  830 10:14:14    -1476.998270        0.236757
FIRE:  831 10:14:14    -1477.022960        0.245133
FIRE:  832 10:14:14    -1477.047704        0.253443
FIRE:  833 10:14:14    -1477.072511        0.261616
FIRE:  834 10:14:14    -1477.097386        0.269573
FIRE:  835 10:14:14    -1477.122331        0.277226
FIRE:  836 10:14:14    -1477.147346        0.284520
FIRE:  837 10:14:14    -1477.172430        0.291331
FIRE:  838 10:14:14    -1477.197577        0.297562
FIRE:  839 10:14:14    -1477.222781        0.303118
FIRE:  840 10:14:14    -1477.248029        0.307876
FIRE:  841 10:14:14    -1477.273309        0.311766
FIRE:  842 10:14:14    -1477.298606        0.314733
FIRE:  843 10:14:14    -1477.323904        0.316716
FIRE:  844 10:14:14    -1477.349187        0.317670
FIRE:  845 10:14:14    -1477.374437        0.317569
FIRE:  846 10:14:14    -1477.399638        0.316404
FIRE:  847 10:14:14    -1477.424769        0.313990
FIRE:  848 10:14:14    -1477.449813        0.310512
FIRE:  849 10:14:14    -1477.474762        0.306069
FIRE:  850 10:14:14    -1477.499605        0.300731
FIRE:  851 10:14:14    -1477.524329        0.294586
FIRE:  852 10:14:14    -1477.548923        0.287743
FIRE:  853 10:14:14    -1477.573382        0.280332
FIRE:  854 10:14:14    -1477.597701        0.272409
FIRE:  855 10:14:14    -1477.621875        0.264196
FIRE:  856 10:14:14    -1477.645903        0.256000
FIRE:  857 10:14:14    -1477.669783        0.248101
FIRE:  858 10:14:14    -1477.693517        0.240856
FIRE:  859 10:14:14    -1477.717107        0.234638
FIRE:  860 10:14:14    -1477.740557        0.229850
FIRE:  861 10:14:14    -1477.763874        0.226897
FIRE:  862 10:14:14    -1477.787068        0.226126
FIRE:  863 10:14:14    -1477.810151        0.227763
FIRE:  864 10:14:14    -1477.833142        0.231860
FIRE:  865 10:14:14    -1477.856063        0.241434
FIRE:  866 10:14:14    -1477.878942        0.259939
FIRE:  867 10:14:14    -1477.901812        0.277386
FIRE:  868 10:14:14    -1477.924704        0.293367
FIRE:  869 10:14:14    -1477.947653        0.307477
FIRE:  870 10:14:14    -1477.970693        0.319334
FIRE:  871 10:14:14    -1477.993853        0.328589
FIRE:  872 10:14:14    -1478.017152        0.334943
FIRE:  873 10:14:14    -1478.040604        0.338125
FIRE:  874 10:14:14    -1478.064218        0.337959
FIRE:  875 10:14:14    -1478.087995        0.334396
FIRE:  876 10:14:14    -1478.111922        0.327495
FIRE:  877 10:14:14    -1478.135978        0.317343
FIRE:  878 10:14:14    -1478.160127        0.304033
FIRE:  879 10:14:14    -1478.184325        0.293221
FIRE:  880 10:14:14    -1478.208519        0.280012
FIRE:  881 10:14:14    -1478.232648        0.264095
FIRE:  882 10:14:14    -1478.256650        0.248994
FIRE:  883 10:14:14    -1478.280455        0.245984
FIRE:  884 10:14:14    -1478.303996        0.241695
FIRE:  885 10:14:14    -1478.327204        0.236064
FIRE:  886 10:14:14    -1478.350006        0.229054
FIRE:  887 10:14:14    -1478.372338        0.220712
FIRE:  888 10:14:14    -1478.394147        0.210947
FIRE:  889 10:14:14    -1478.415375        0.199881
FIRE:  890 10:14:14    -1478.435962        0.187832
FIRE:  891 10:14:14    -1478.455855        0.175455
FIRE:  892 10:14:14    -1478.475004        0.163958
FIRE:  893 10:14:14    -1478.493364        0.163467
FIRE:  894 10:14:14    -1478.510895        0.167888
FIRE:  895 10:14:14    -1478.527568        0.198662
FIRE:  896 10:14:14    -1478.543367        0.250076
FIRE:  897 10:14:14    -1478.558292        0.304650
FIRE:  898 10:14:14    -1478.572370        0.362045
FIRE:  899 10:14:14    -1478.585652        0.421755
FIRE:  900 10:14:14    -1478.598223        0.483100
FIRE:  901 10:14:14    -1478.610209        0.545226
FIRE:  902 10:14:14    -1478.621757        0.607135
FIRE:  903 10:14:14    -1478.633046        0.667716
FIRE:  904 10:14:14    -1478.644281        0.725797
FIRE:  905 10:14:14    -1478.655685        0.780188
FIRE:  906 10:14:14    -1478.667488        0.829782
FIRE:  907 10:14:14    -1478.679920        0.873453
FIRE:  908 10:14:14    -1478.693194        0.910235
FIRE:  909 10:14:14    -1478.707501        0.939317
FIRE:  910 10:14:14    -1478.722993        0.960059
FIRE:  911 10:14:14    -1478.739787        0.972008
FIRE:  912 10:14:14    -1478.757948        0.974907
FIRE:  913 10:14:14    -1478.777492        0.968693
FIRE:  914 10:14:14    -1478.798382        0.953498
FIRE:  915 10:14:14    -1478.820534        0.929646
FIRE:  916 10:14:14    -1478.843793        0.897640
FIRE:  917 10:14:14    -1478.867983        0.858159
FIRE:  918 10:14:14    -1478.892916        0.812045
FIRE:  919 10:14:14    -1478.918389        0.760295
FIRE:  920 10:14:14    -1478.944197        0.704055
FIRE:  921 10:14:14    -1478.970141        0.644616
FIRE:  922 10:14:14    -1478.996039        0.583086
FIRE:  923 10:14:14    -1479.021738        0.521064
FIRE:  924 10:14:14    -1479.047113        0.460694
FIRE:  925 10:14:14    -1479.072070        0.404177
FIRE:  926 10:14:14    -1479.096546        0.354247
FIRE:  927 10:14:14    -1479.120515        0.325388
FIRE:  928 10:14:14    -1479.143996        0.331648
FIRE:  929 10:14:14    -1479.167034        0.344614
FIRE:  930 10:14:14    -1479.189691        0.362026
FIRE:  931 10:14:14    -1479.212047        0.381846
FIRE:  932 10:14:15    -1479.234194        0.402460
FIRE:  933 10:14:15    -1479.256230        0.422683
FIRE:  934 10:14:15    -1479.278252        0.441663
FIRE:  935 10:14:15    -1479.300357        0.458904
FIRE:  936 10:14:15    -1479.322636        0.474076
FIRE:  937 10:14:15    -1479.345167        0.490199
FIRE:  938 10:14:15    -1479.368014        0.517767
FIRE:  939 10:14:15    -1479.391228        0.542057
FIRE:  940 10:14:15    -1479.414844        0.561849
FIRE:  941 10:14:15    -1479.438875        0.576931
FIRE:  942 10:14:15    -1479.463318        0.588123
FIRE:  943 10:14:15    -1479.488151        0.595457
FIRE:  944 10:14:15    -1479.513332        0.599030
FIRE:  945 10:14:15    -1479.538812        0.598995
FIRE:  946 10:14:15    -1479.564535        0.595555
FIRE:  947 10:14:15    -1479.590437        0.588958
FIRE:  948 10:14:15    -1479.616441        0.579484
FIRE:  949 10:14:15    -1479.642475        0.567444
FIRE:  950 10:14:15    -1479.668463        0.553170
FIRE:  951 10:14:15    -1479.694334        0.537005
FIRE:  952 10:14:15    -1479.720021        0.519297
FIRE:  953 10:14:15    -1479.745462        0.500387
FIRE:  954 10:14:15    -1479.770604        0.480606
FIRE:  955 10:14:15    -1479.795397        0.460285
FIRE:  956 10:14:15    -1479.819800        0.439722
FIRE:  957 10:14:15    -1479.843780        0.419189
FIRE:  958 10:14:15    -1479.867310        0.398927
FIRE:  959 10:14:15    -1479.890372        0.379144
FIRE:  960 10:14:15    -1479.912946        0.360010
FIRE:  961 10:14:15    -1479.935020        0.341662
FIRE:  962 10:14:15    -1479.956585        0.331371
FIRE:  963 10:14:15    -1479.977634        0.332316
FIRE:  964 10:14:15    -1479.998164        0.330085
FIRE:  965 10:14:15    -1480.018175        0.324798
FIRE:  966 10:14:15    -1480.037665        0.316622
FIRE:  967 10:14:15    -1480.056633        0.312420
FIRE:  968 10:14:15    -1480.075084        0.306706
FIRE:  969 10:14:15    -1480.093022        0.299216
FIRE:  970 10:14:15    -1480.110454        0.315240
FIRE:  971 10:14:15    -1480.127392        0.347664
FIRE:  972 10:14:15    -1480.143849        0.380236
FIRE:  973 10:14:15    -1480.159839        0.412165
FIRE:  974 10:14:15    -1480.175378        0.442778
FIRE:  975 10:14:15    -1480.190482        0.471494
FIRE:  976 10:14:15    -1480.205164        0.497810
FIRE:  977 10:14:15    -1480.219442        0.521301
FIRE:  978 10:14:15    -1480.233333        0.541612
FIRE:  979 10:14:15    -1480.246847        0.558462
FIRE:  980 10:14:15    -1480.259999        0.571644
FIRE:  981 10:14:15    -1480.272782        0.581023
FIRE:  982 10:14:15    -1480.285154        0.586535
FIRE:  983 10:14:15    -1480.297121        0.588183
FIRE:  984 10:14:15    -1480.308698        0.586036
FIRE:  985 10:14:15    -1480.319900        0.580220
FIRE:  986 10:14:15    -1480.330749        0.570912
FIRE:  987 10:14:15    -1480.341274        0.558331
FIRE:  988 10:14:15    -1480.351509        0.542733
FIRE:  989 10:14:15    -1480.361494        0.524393
FIRE:  990 10:14:15    -1480.371272        0.540156
FIRE:  991 10:14:15    -1480.380884        0.558420
FIRE:  992 10:14:15    -1480.390380        0.573516
FIRE:  993 10:14:15    -1480.399811        0.584999
FIRE:  994 10:14:15    -1480.409222        0.592462
FIRE:  995 10:14:15    -1480.418655        0.595549
FIRE:  996 10:14:15    -1480.428145        0.593965
FIRE:  997 10:14:15    -1480.437718        0.588622
FIRE:  998 10:14:15    -1480.447388        0.598481
FIRE:  999 10:14:15    -1480.457158        0.604462
FIRE:  1000 10:14:15    -1480.467021        0.606529
FIRE:  1001 10:14:15    -1480.476964        0.604715
FIRE:  1002 10:14:15    -1480.486965        0.599106
FIRE:  1003 10:14:15    -1480.496980        0.589854
FIRE:  1004 10:14:15    -1480.506958        0.577168
FIRE:  1005 10:14:15    -1480.516843        0.561305
FIRE:  1006 10:14:15    -1480.526576        0.542568
FIRE:  1007 10:14:15    -1480.536097        0.521291
FIRE:  1008 10:14:15    -1480.545348        0.497834
FIRE:  1009 10:14:15    -1480.554276        0.472570
FIRE:  1010 10:14:15    -1480.562828        0.445828
FIRE:  1011 10:14:15    -1480.570957        0.417991
FIRE:  1012 10:14:15    -1480.578625        0.389463
FIRE:  1013 10:14:15    -1480.585809        0.360572
FIRE:  1014 10:14:15    -1480.592497        0.331653
FIRE:  1015 10:14:15    -1480.598689        0.322626
FIRE:  1016 10:14:15    -1480.604397        0.337223
FIRE:  1017 10:14:15    -1480.609640        0.350643
FIRE:  1018 10:14:15    -1480.614449        0.375173
FIRE:  1019 10:14:15    -1480.618865        0.419363
FIRE:  1020 10:14:15    -1480.622932        0.460163
FIRE:  1021 10:14:15    -1480.626702        0.497200
FIRE:  1022 10:14:15    -1480.630227        0.530500
FIRE:  1023 10:14:15    -1480.633561        0.559545
FIRE:  1024 10:14:15    -1480.636760        0.584143
FIRE:  1025 10:14:15    -1480.639875        0.604189
FIRE:  1026 10:14:15    -1480.642957        0.619638
FIRE:  1027 10:14:15    -1480.646051        0.630498
FIRE:  1028 10:14:15    -1480.649193        0.636831
FIRE:  1029 10:14:15    -1480.652416        0.638746
FIRE:  1030 10:14:15    -1480.655746        0.636404
FIRE:  1031 10:14:15    -1480.659204        0.630009
FIRE:  1032 10:14:15    -1480.662805        0.619804
FIRE:  1033 10:14:15    -1480.666561        0.606069
FIRE:  1034 10:14:15    -1480.670474        0.589112
FIRE:  1035 10:14:15    -1480.674545        0.569265
FIRE:  1036 10:14:15    -1480.678773        0.546879
FIRE:  1037 10:14:15    -1480.683155        0.522316
FIRE:  1038 10:14:15    -1480.687688        0.495947
FIRE:  1039 10:14:15    -1480.692371        0.468145
FIRE:  1040 10:14:15    -1480.697099        0.439285
FIRE:  1041 10:14:15    -1480.701590        0.409746
FIRE:  1042 10:14:15    -1480.705828        0.379910
FIRE:  1043 10:14:15    -1480.709819        0.350163
FIRE:  1044 10:14:15    -1480.713575        0.345964
FIRE:  1045 10:14:15    -1480.717113        0.345366
FIRE:  1046 10:14:15    -1480.720455        0.343499
FIRE:  1047 10:14:15    -1480.723628        0.346904
FIRE:  1048 10:14:15    -1480.726660        0.350936
FIRE:  1049 10:14:15    -1480.729582        0.368900
FIRE:  1050 10:14:15    -1480.732425        0.394150
FIRE:  1051 10:14:15    -1480.735219        0.418609
FIRE:  1052 10:14:15    -1480.737993        0.442074
FIRE:  1053 10:14:15    -1480.740771        0.464338
FIRE:  1054 10:14:15    -1480.743587        0.485254
FIRE:  1055 10:14:15    -1480.746463        0.504637
FIRE:  1056 10:14:15    -1480.749421        0.522309
FIRE:  1057 10:14:15    -1480.752480        0.538101
FIRE:  1058 10:14:15    -1480.755661        0.551864
FIRE:  1059 10:14:15    -1480.758983        0.563465
FIRE:  1060 10:14:15    -1480.762464        0.572795
FIRE:  1061 10:14:15    -1480.766123        0.579774
FIRE:  1062 10:14:15    -1480.769978        0.584351
FIRE:  1063 10:14:15    -1480.774046        0.586508
FIRE:  1064 10:14:15    -1480.778341        0.586259
FIRE:  1065 10:14:15    -1480.782882        0.583648
FIRE:  1066 10:14:15    -1480.787682        0.578749
FIRE:  1067 10:14:15    -1480.792753        0.571653
FIRE:  1068 10:14:15    -1480.798105        0.562495
FIRE:  1069 10:14:15    -1480.803744        0.551421
FIRE:  1070 10:14:15    -1480.809674        0.538593
FIRE:  1071 10:14:15    -1480.815897        0.524185
FIRE:  1072 10:14:15    -1480.822413        0.508380
FIRE:  1073 10:14:15    -1480.829207        0.491365
FIRE:  1074 10:14:15    -1480.836268        0.473332
FIRE:  1075 10:14:15    -1480.843582        0.454472
FIRE:  1076 10:14:15    -1480.851130        0.434974
FIRE:  1077 10:14:15    -1480.858892        0.415023
FIRE:  1078 10:14:15    -1480.866847        0.394798
FIRE:  1079 10:14:15    -1480.874970        0.374474
FIRE:  1080 10:14:15    -1480.883233        0.389571
FIRE:  1081 10:14:15    -1480.891603        0.407877
FIRE:  1082 10:14:15    -1480.900047        0.424732
FIRE:  1083 10:14:15    -1480.908527        0.439965
FIRE:  1084 10:14:15    -1480.917002        0.453418
FIRE:  1085 10:14:15    -1480.925431        0.464944
FIRE:  1086 10:14:15    -1480.933769        0.474412
FIRE:  1087 10:14:15    -1480.941974        0.481711
FIRE:  1088 10:14:15    -1480.950001        0.486751
FIRE:  1089 10:14:15    -1480.957810        0.489465
FIRE:  1090 10:14:15    -1480.965365        0.489813
FIRE:  1091 10:14:15    -1480.972629        0.487783
FIRE:  1092 10:14:15    -1480.979566        0.483390
FIRE:  1093 10:14:15    -1480.986143        0.476677
FIRE:  1094 10:14:15    -1480.992337        0.467715
FIRE:  1095 10:14:15    -1480.998129        0.456602
FIRE:  1096 10:14:15    -1481.003519        0.443458
FIRE:  1097 10:14:16    -1481.008573        0.428430
FIRE:  1098 10:14:16    -1481.013300        0.411683
FIRE:  1099 10:14:16    -1481.017698        0.393403
FIRE:  1100 10:14:16    -1481.021777        0.373793
FIRE:  1101 10:14:16    -1481.025554        0.353070
FIRE:  1102 10:14:16    -1481.029056        0.331469
FIRE:  1103 10:14:16    -1481.032317        0.321804
FIRE:  1104 10:14:16    -1481.035374        0.333178
FIRE:  1105 10:14:16    -1481.038272        0.343900
FIRE:  1106 10:14:16    -1481.041057        0.353830
FIRE:  1107 10:14:16    -1481.043783        0.362823
FIRE:  1108 10:14:16    -1481.046505        0.370740
FIRE:  1109 10:14:16    -1481.049277        0.378857
FIRE:  1110 10:14:16    -1481.052154        0.393534
FIRE:  1111 10:14:16    -1481.055186        0.407281
FIRE:  1112 10:14:16    -1481.058429        0.419967
FIRE:  1113 10:14:16    -1481.061932        0.431472
FIRE:  1114 10:14:16    -1481.065742        0.441687
FIRE:  1115 10:14:16    -1481.069902        0.450520
FIRE:  1116 10:14:16    -1481.074445        0.457894
FIRE:  1117 10:14:16    -1481.079403        0.463753
FIRE:  1118 10:14:16    -1481.084803        0.468059
FIRE:  1119 10:14:16    -1481.090667        0.470797
FIRE:  1120 10:14:16    -1481.097008        0.471970
FIRE:  1121 10:14:16    -1481.103832        0.471603
FIRE:  1122 10:14:16    -1481.111142        0.469739
FIRE:  1123 10:14:16    -1481.118932        0.466440
FIRE:  1124 10:14:16    -1481.127187        0.461784
FIRE:  1125 10:14:16    -1481.135888        0.455862
FIRE:  1126 10:14:16    -1481.145010        0.448779
FIRE:  1127 10:14:16    -1481.154528        0.440646
FIRE:  1128 10:14:16    -1481.164410        0.431584
FIRE:  1129 10:14:16    -1481.174626        0.421715
FIRE:  1130 10:14:16    -1481.185145        0.411163
FIRE:  1131 10:14:16    -1481.195935        0.400051
FIRE:  1132 10:14:16    -1481.206962        0.388498
FIRE:  1133 10:14:16    -1481.218195        0.376619
FIRE:  1134 10:14:16    -1481.229603        0.364522
FIRE:  1135 10:14:16    -1481.241154        0.352303
FIRE:  1136 10:14:16    -1481.252822        0.340053
FIRE:  1137 10:14:16    -1481.264584        0.329992
FIRE:  1138 10:14:16    -1481.276416        0.327698
FIRE:  1139 10:14:16    -1481.288301        0.324211
FIRE:  1140 10:14:16    -1481.300226        0.319544
FIRE:  1141 10:14:16    -1481.312180        0.313713
FIRE:  1142 10:14:16    -1481.324156        0.306741
FIRE:  1143 10:14:16    -1481.336149        0.298652
FIRE:  1144 10:14:16    -1481.348161        0.295053
FIRE:  1145 10:14:16    -1481.360194        0.296064
FIRE:  1146 10:14:16    -1481.372254        0.295728
FIRE:  1147 10:14:16    -1481.384348        0.294173
FIRE:  1148 10:14:16    -1481.396487        0.291536
FIRE:  1149 10:14:16    -1481.408681        0.292050
FIRE:  1150 10:14:16    -1481.420947        0.302431
FIRE:  1151 10:14:16    -1481.433303        0.311686
FIRE:  1152 10:14:16    -1481.445768        0.319826
FIRE:  1153 10:14:16    -1481.458367        0.329723
FIRE:  1154 10:14:16    -1481.471129        0.362003
FIRE:  1155 10:14:16    -1481.484088        0.397357
FIRE:  1156 10:14:16    -1481.497287        0.436160
FIRE:  1157 10:14:16    -1481.510778        0.478843
FIRE:  1158 10:14:16    -1481.524620        0.525915
FIRE:  1159 10:14:16    -1481.538708        0.506888
FIRE:  1160 10:14:16    -1481.552840        0.483353
FIRE:  1161 10:14:16    -1481.566961        0.455802
FIRE:  1162 10:14:16    -1481.581016        0.424008
FIRE:  1163 10:14:16    -1481.594949        0.409818
FIRE:  1164 10:14:16    -1481.608700        0.409314
FIRE:  1165 10:14:16    -1481.622210        0.407094
FIRE:  1166 10:14:16    -1481.635430        0.403277
FIRE:  1167 10:14:16    -1481.648308        0.397910
FIRE:  1168 10:14:16    -1481.660798        0.391130
FIRE:  1169 10:14:16    -1481.672859        0.383094
FIRE:  1170 10:14:16    -1481.684458        0.398274
FIRE:  1171 10:14:16    -1481.695569        0.433357
FIRE:  1172 10:14:16    -1481.706175        0.462596
FIRE:  1173 10:14:16    -1481.716273        0.485285
FIRE:  1174 10:14:16    -1481.725869        0.500763
FIRE:  1175 10:14:16    -1481.734980        0.508432
FIRE:  1176 10:14:16    -1481.743631        0.507791
FIRE:  1177 10:14:16    -1481.751854        0.498473
FIRE:  1178 10:14:16    -1481.759680        0.515213
FIRE:  1179 10:14:16    -1481.767116        0.560060
FIRE:  1180 10:14:16    -1481.774174        0.596615
FIRE:  1181 10:14:16    -1481.780866        0.624235
FIRE:  1182 10:14:16    -1481.787199        0.642574
FIRE:  1183 10:14:16    -1481.793170        0.651581
FIRE:  1184 10:14:16    -1481.798772        0.651500
FIRE:  1185 10:14:16    -1481.803993        0.642833
FIRE:  1186 10:14:16    -1481.808824        0.626305
FIRE:  1187 10:14:16    -1481.813262        0.602804
FIRE:  1188 10:14:16    -1481.817314        0.573333
FIRE:  1189 10:14:16    -1481.820994        0.538945
FIRE:  1190 10:14:16    -1481.824332        0.500691
FIRE:  1191 10:14:16    -1481.827369        0.459580
FIRE:  1192 10:14:16    -1481.830153        0.416535
FIRE:  1193 10:14:16    -1481.832744        0.421345
FIRE:  1194 10:14:16    -1481.835207        0.434785
FIRE:  1195 10:14:16    -1481.837613        0.450958
FIRE:  1196 10:14:16    -1481.840018        0.467376
FIRE:  1197 10:14:16    -1481.842477        0.482515
FIRE:  1198 10:14:16    -1481.845033        0.496941
FIRE:  1199 10:14:16    -1481.847715        0.509867
FIRE:  1200 10:14:16    -1481.850541        0.521150
FIRE:  1201 10:14:16    -1481.853511        0.530660
FIRE:  1202 10:14:16    -1481.856614        0.538288
FIRE:  1203 10:14:16    -1481.859831        0.543946
FIRE:  1204 10:14:16    -1481.863132        0.547567
FIRE:  1205 10:14:16    -1481.866482        0.549110
FIRE:  1206 10:14:16    -1481.869845        0.548556
FIRE:  1207 10:14:16    -1481.873187        0.545912
FIRE:  1208 10:14:16    -1481.876483        0.541207
FIRE:  1209 10:14:16    -1481.879729        0.534490
FIRE:  1210 10:14:16    -1481.882918        0.525832
FIRE:  1211 10:14:16    -1481.886046        0.515317
FIRE:  1212 10:14:16    -1481.889122        0.503042
FIRE:  1213 10:14:16    -1481.892167        0.489124
FIRE:  1214 10:14:16    -1481.895212        0.473689
FIRE:  1215 10:14:16    -1481.898293        0.456874
FIRE:  1216 10:14:16    -1481.901452        0.438822
FIRE:  1217 10:14:16    -1481.904726        0.419678
FIRE:  1218 10:14:16    -1481.908153        0.399591
FIRE:  1219 10:14:16    -1481.911766        0.418610
FIRE:  1220 10:14:16    -1481.915588        0.436015
FIRE:  1221 10:14:16    -1481.919630        0.444721
FIRE:  1222 10:14:16    -1481.923895        0.444403
FIRE:  1223 10:14:16    -1481.928375        0.435001
FIRE:  1224 10:14:16    -1481.933054        0.416718
FIRE:  1225 10:14:16    -1481.937902        0.390014
FIRE:  1226 10:14:16    -1481.942894        0.355603
FIRE:  1227 10:14:16    -1481.948005        0.330149
FIRE:  1228 10:14:16    -1481.953217        0.341472
FIRE:  1229 10:14:16    -1481.958515        0.353393
FIRE:  1230 10:14:16    -1481.963898        0.365739
FIRE:  1231 10:14:16    -1481.969374        0.378302
FIRE:  1232 10:14:16    -1481.974965        0.390896
FIRE:  1233 10:14:16    -1481.980703        0.414085
FIRE:  1234 10:14:16    -1481.986628        0.437063
FIRE:  1235 10:14:16    -1481.992786        0.455826
FIRE:  1236 10:14:16    -1481.999228        0.470072
FIRE:  1237 10:14:16    -1482.006002        0.479608
FIRE:  1238 10:14:16    -1482.013148        0.484346
FIRE:  1239 10:14:16    -1482.020692        0.484289
FIRE:  1240 10:14:16    -1482.028655        0.479531
FIRE:  1241 10:14:16    -1482.037041        0.485782
FIRE:  1242 10:14:16    -1482.045838        0.492822
FIRE:  1243 10:14:16    -1482.055020        0.498987
FIRE:  1244 10:14:16    -1482.064543        0.504255
FIRE:  1245 10:14:16    -1482.074353        0.508609
FIRE:  1246 10:14:16    -1482.084388        0.512038
FIRE:  1247 10:14:16    -1482.094579        0.514536
FIRE:  1248 10:14:16    -1482.104856        0.516103
FIRE:  1249 10:14:16    -1482.115152        0.516744
FIRE:  1250 10:14:16    -1482.125404        0.516467
FIRE:  1251 10:14:16    -1482.135562        0.515311
FIRE:  1252 10:14:16    -1482.145583        0.513298
FIRE:  1253 10:14:16    -1482.155440        0.510425
FIRE:  1254 10:14:16    -1482.165119        0.506719
FIRE:  1255 10:14:16    -1482.174619        0.502213
FIRE:  1256 10:14:16    -1482.183958        0.496945
FIRE:  1257 10:14:16    -1482.193166        0.490956
FIRE:  1258 10:14:16    -1482.202288        0.484298
FIRE:  1259 10:14:16    -1482.211373        0.477027
FIRE:  1260 10:14:16    -1482.220481        0.469207
FIRE:  1261 10:14:16    -1482.229673        0.460910
FIRE:  1262 10:14:16    -1482.239006        0.452218
FIRE:  1263 10:14:17    -1482.248535        0.443220
FIRE:  1264 10:14:17    -1482.258301        0.434018
FIRE:  1265 10:14:17    -1482.268328        0.424713
FIRE:  1266 10:14:17    -1482.278621        0.415395
FIRE:  1267 10:14:17    -1482.289170        0.406221
FIRE:  1268 10:14:17    -1482.299946        0.402153
FIRE:  1269 10:14:17    -1482.310905        0.410321
FIRE:  1270 10:14:17    -1482.321986        0.418129
FIRE:  1271 10:14:17    -1482.333117        0.425517
FIRE:  1272 10:14:17    -1482.344221        0.432423
FIRE:  1273 10:14:17    -1482.355219        0.438789
FIRE:  1274 10:14:17    -1482.366029        0.444554
FIRE:  1275 10:14:17    -1482.376568        0.449648
FIRE:  1276 10:14:17    -1482.386764        0.454009
FIRE:  1277 10:14:17    -1482.396552        0.457580
FIRE:  1278 10:14:17    -1482.405876        0.460308
FIRE:  1279 10:14:17    -1482.414691        0.462142
FIRE:  1280 10:14:17    -1482.422961        0.463040
FIRE:  1281 10:14:17    -1482.430661        0.462966
FIRE:  1282 10:14:17    -1482.437773        0.461890
FIRE:  1283 10:14:17    -1482.444284        0.459793
FIRE:  1284 10:14:17    -1482.450190        0.456661
FIRE:  1285 10:14:17    -1482.455488        0.452493
FIRE:  1286 10:14:17    -1482.460181        0.447294
FIRE:  1287 10:14:17    -1482.464273        0.441078
FIRE:  1288 10:14:17    -1482.467776        0.438470
FIRE:  1289 10:14:17    -1482.470695        0.451078
FIRE:  1290 10:14:17    -1482.473038        0.463829
FIRE:  1291 10:14:17    -1482.474819        0.476580
FIRE:  1292 10:14:17    -1482.476056        0.489136
FIRE:  1293 10:14:17    -1482.575117        0.411694
FIRE:  1294 10:14:17    -1482.659601        0.334946
FIRE:  1295 10:14:17    -1482.734255        0.277261
FIRE:  1296 10:14:17    -1482.801200        0.247406
FIRE:  1297 10:14:17    -1482.861346        0.236880
FIRE:  1298 10:14:17    -1482.915493        0.226145
FIRE:  1299 10:14:17    -1482.964596        0.215240
FIRE:  1300 10:14:17    -1483.009737        0.204186
FIRE:  1301 10:14:17    -1483.051779        0.193018
FIRE:  1302 10:14:17    -1483.091233        0.185281
FIRE:  1303 10:14:17    -1483.128429        0.183499
FIRE:  1304 10:14:17    -1483.163730        0.179861
FIRE:  1305 10:14:17    -1483.197489        0.174582
FIRE:  1306 10:14:17    -1483.229862        0.167583
FIRE:  1307 10:14:17    -1483.260801        0.158833
FIRE:  1308 10:14:17    -1483.290335        0.149049
FIRE:  1309 10:14:17    -1483.318592        0.137995
FIRE:  1310 10:14:17    -1483.345651        0.125892
FIRE:  1311 10:14:17    -1483.371530        0.113026
FIRE:  1312 10:14:17    -1483.396281        0.099767
FIRE:  1313 10:14:17    -1483.420038        0.086839
FIRE:  1314 10:14:17    -1483.442945        0.079528
FIRE:  1315 10:14:17    -1483.465090        0.075232
FIRE:  1316 10:14:17    -1483.486520        0.074314
FIRE:  1317 10:14:17    -1483.507291        0.073304
FIRE:  1318 10:14:17    -1483.527480        0.072840
FIRE:  1319 10:14:17    -1483.547150        0.073259
FIRE:  1320 10:14:17    -1483.566337        0.069638
FIRE:  1321 10:14:17    -1483.585088        0.075469
FIRE:  1322 10:14:17    -1483.603466        0.081440
FIRE:  1323 10:14:17    -1483.621513        0.074397
FIRE:  1324 10:14:17    -1483.639242        0.063223
FIRE:  1325 10:14:17    -1483.656670        0.061358
FIRE:  1326 10:14:17    -1483.673826        0.059411
FIRE:  1327 10:14:17    -1483.690721        0.059984
FIRE:  1328 10:14:17    -1483.707343        0.061641
FIRE:  1329 10:14:17    -1483.723684        0.062345
FIRE:  1330 10:14:17    -1483.739752        0.061930
FIRE:  1331 10:14:17    -1483.755553        0.060676
FIRE:  1332 10:14:17    -1483.771091        0.059181
FIRE:  1333 10:14:17    -1483.786370        0.058031
FIRE:  1334 10:14:17    -1483.801405        0.057508
FIRE:  1335 10:14:17    -1483.816218        0.057574
FIRE:  1336 10:14:17    -1483.830818        0.058023
FIRE:  1337 10:14:17    -1483.845210        0.058578
FIRE:  1338 10:14:17    -1483.859405        0.058978
FIRE:  1339 10:14:17    -1483.873409        0.059087
FIRE:  1340 10:14:17    -1483.887225        0.058958
FIRE:  1341 10:14:17    -1483.900858        0.058753
FIRE:  1342 10:14:17    -1483.914324        0.058602
FIRE:  1343 10:14:17    -1483.927633        0.058513
FIRE:  1344 10:14:17    -1483.940797        0.058401
FIRE:  1345 10:14:17    -1483.953829        0.058141
FIRE:  1346 10:14:17    -1483.966746        0.057637
FIRE:  1347 10:14:17    -1483.979559        0.057216
FIRE:  1348 10:14:17    -1483.992273        0.058490
FIRE:  1349 10:14:17    -1484.004895        0.059720
FIRE:  1350 10:14:17    -1484.017426        0.060894
FIRE:  1351 10:14:17    -1484.029874        0.062052
FIRE:  1352 10:14:17    -1484.042246        0.063222
FIRE:  1353 10:14:17    -1484.054552        0.064386
FIRE:  1354 10:14:17    -1484.066802        0.065505
FIRE:  1355 10:14:17    -1484.079001        0.066545
FIRE:  1356 10:14:17    -1484.091155        0.067483
FIRE:  1357 10:14:17    -1484.103269        0.068293
FIRE:  1358 10:14:17    -1484.115343        0.068947
FIRE:  1359 10:14:17    -1484.127380        0.069436
FIRE:  1360 10:14:17    -1484.139377        0.069610
FIRE:  1361 10:14:17    -1484.151332        0.069496
FIRE:  1362 10:14:17    -1484.163245        0.069243
FIRE:  1363 10:14:17    -1484.175112        0.068880
FIRE:  1364 10:14:17    -1484.186931        0.068484
FIRE:  1365 10:14:17    -1484.198699        0.068126
FIRE:  1366 10:14:17    -1484.210414        0.067818
FIRE:  1367 10:14:17    -1484.222070        0.067514
FIRE:  1368 10:14:17    -1484.233662        0.067159
FIRE:  1369 10:14:17    -1484.245185        0.066731
FIRE:  1370 10:14:17    -1484.256633        0.065824
FIRE:  1371 10:14:17    -1484.267991        0.064516
FIRE:  1372 10:14:17    -1484.279252        0.062993
FIRE:  1373 10:14:17    -1484.290406        0.061348
FIRE:  1374 10:14:17    -1484.301447        0.059418
FIRE:  1375 10:14:17    -1484.312366        0.057469
FIRE:  1376 10:14:17    -1484.323156        0.055643
FIRE:  1377 10:14:17    -1484.333810        0.053895
FIRE:  1378 10:14:17    -1484.344326        0.052270
FIRE:  1379 10:14:17    -1484.354700        0.050791
FIRE:  1380 10:14:17    -1484.364928        0.049330
