# msd.out by GPUMDkit
# Element: Li  |  dt: 1000.0000 fs  |  Frames: 1000  |  Atoms: 32
#     Time(ps)    MSD_x(Ang^2)    MSD_y(Ang^2)    MSD_z(Ang^2)
      1.000000       0.091143       0.164712       0.132872
      2.000000       0.115241       0.192057       0.156324
      3.000000       0.133427       0.209961       0.173206
      4.000000       0.148943       0.225327       0.185925
      5.000000       0.161601       0.236238       0.196092
      6.000000       0.173773       0.245576       0.207999
      7.000000       0.184226       0.254698       0.215492
      8.000000       0.195072       0.261461       0.222514
      9.000000       0.204074       0.270519       0.230446
     10.000000       0.212571       0.275929       0.237428
     11.000000       0.221324       0.279861       0.242107
     12.000000       0.228108       0.288312       0.248379
     13.000000       0.234292       0.296396       0.255031
     14.000000       0.242495       0.300181       0.259081
     15.000000       0.249923       0.304299       0.266200
     16.000000       0.257227       0.308184       0.273310
     17.000000       0.263576       0.313404       0.277871
     18.000000       0.271364       0.317100       0.283790
     19.000000       0.279183       0.322944       0.288286
     20.000000       0.286299       0.330157       0.293962
     21.000000       0.293268       0.336038       0.297372
     22.000000       0.300165       0.340396       0.300704
     23.000000       0.306563       0.346785       0.307447
     24.000000       0.313477       0.354500       0.311703
     25.000000       0.319090       0.360292       0.316431
     26.000000       0.324594       0.364168       0.322462
     27.000000       0.330006       0.370362       0.324584
     28.000000       0.335299       0.375007       0.330748
     29.000000       0.340958       0.381267       0.333573
     30.000000       0.345902       0.386135       0.335704
     31.000000       0.351122       0.391406       0.340676
     32.000000       0.354191       0.394987       0.341842
     33.000000       0.357981       0.398353       0.345758
     34.000000       0.362447       0.403865       0.348515
     35.000000       0.364544       0.405989       0.352774
     36.000000       0.369748       0.407819       0.352280
     37.000000       0.375041       0.412641       0.356982
     38.000000       0.378482       0.419450       0.359003
     39.000000       0.383354       0.424286       0.361636
     40.000000       0.387271       0.423398       0.365696
     41.000000       0.390945       0.429263       0.367079
     42.000000       0.395855       0.430084       0.369854
     43.000000       0.399828       0.431142       0.373457
     44.000000       0.403347       0.434783       0.376407
     45.000000       0.406320       0.435856       0.379592
     46.000000       0.409511       0.440665       0.381370
     47.000000       0.412653       0.444253       0.381697
     48.000000       0.416104       0.447129       0.384107
     49.000000       0.418209       0.450809       0.386680
     50.000000       0.420669       0.452427       0.389328
     51.000000       0.423405       0.458059       0.390663
     52.000000       0.426441       0.462951       0.393005
     53.000000       0.431094       0.463578       0.396715
     54.000000       0.434985       0.466256       0.397784
     55.000000       0.438720       0.470533       0.399767
     56.000000       0.442301       0.470726       0.402291
     57.000000       0.446184       0.476732       0.405347
     58.000000       0.448945       0.478462       0.407098
     59.000000       0.452182       0.482005       0.410273
     60.000000       0.453754       0.484015       0.411966
     61.000000       0.454749       0.488279       0.411617
     62.000000       0.455495       0.490306       0.413995
     63.000000       0.459416       0.494275       0.415017
     64.000000       0.462398       0.495333       0.415335
     65.000000       0.464474       0.500725       0.417082
     66.000000       0.466120       0.498936       0.418388
     67.000000       0.465991       0.501194       0.417019
     68.000000       0.467357       0.501945       0.419486
     69.000000       0.468926       0.505598       0.419730
     70.000000       0.470800       0.505659       0.421395
     71.000000       0.473284       0.507310       0.424104
     72.000000       0.475284       0.506945       0.424287
     73.000000       0.477329       0.511464       0.424957
     74.000000       0.478742       0.513668       0.425117
     75.000000       0.479950       0.513929       0.427419
     76.000000       0.481854       0.518509       0.431440
     77.000000       0.485132       0.519818       0.432803
     78.000000       0.486742       0.520614       0.434725
     79.000000       0.488831       0.523659       0.437451
     80.000000       0.490926       0.526117       0.439419
     81.000000       0.493811       0.527294       0.442366
     82.000000       0.494250       0.528239       0.444005
     83.000000       0.495611       0.530630       0.445369
     84.000000       0.497207       0.533842       0.447594
     85.000000       0.497616       0.536306       0.448558
     86.000000       0.498246       0.537757       0.449775
     87.000000       0.500337       0.537865       0.451037
     88.000000       0.502170       0.537744       0.452110
     89.000000       0.502856       0.537893       0.455709
     90.000000       0.505485       0.538388       0.456654
     91.000000       0.507188       0.540264       0.456820
     92.000000       0.508221       0.542243       0.458720
     93.000000       0.509864       0.539685       0.456691
     94.000000       0.508851       0.539534       0.456474
     95.000000       0.508905       0.540127       0.458500
     96.000000       0.508106       0.539062       0.457402
     97.000000       0.508198       0.538982       0.457784
     98.000000       0.508798       0.538341       0.458993
     99.000000       0.509847       0.540918       0.459482
    100.000000       0.508558       0.541988       0.459958
    101.000000       0.509252       0.544116       0.461312
    102.000000       0.509105       0.542950       0.461675
    103.000000       0.509166       0.543728       0.462056
    104.000000       0.510985       0.544072       0.462407
    105.000000       0.512830       0.545997       0.462627
    106.000000       0.511651       0.543496       0.463198
    107.000000       0.512160       0.543823       0.463836
    108.000000       0.511394       0.543756       0.464932
    109.000000       0.511902       0.545096       0.465937
    110.000000       0.512890       0.545599       0.469407
    111.000000       0.514878       0.546555       0.468700
    112.000000       0.514000       0.545771       0.467663
    113.000000       0.515190       0.548272       0.469156
    114.000000       0.514033       0.547686       0.469916
    115.000000       0.515690       0.548820       0.469187
    116.000000       0.515930       0.546958       0.469467
    117.000000       0.516903       0.548591       0.471829
    118.000000       0.518863       0.549526       0.472054
    119.000000       0.519614       0.548659       0.474661
    120.000000       0.520798       0.550039       0.475665
    121.000000       0.521422       0.550675       0.476641
    122.000000       0.522576       0.551391       0.476343
    123.000000       0.523164       0.551518       0.476456
    124.000000       0.523413       0.550007       0.477625
    125.000000       0.524417       0.551308       0.477143
    126.000000       0.523322       0.557708       0.477411
    127.000000       0.524977       0.556720       0.478618
    128.000000       0.524705       0.560236       0.479053
    129.000000       0.523068       0.560610       0.477907
    130.000000       0.524773       0.562755       0.480150
    131.000000       0.526613       0.559124       0.480573
    132.000000       0.528172       0.558009       0.479852
    133.000000       0.528753       0.563649       0.480701
    134.000000       0.529341       0.564028       0.478670
    135.000000       0.531368       0.565038       0.480031
    136.000000       0.533095       0.568240       0.480104
    137.000000       0.535366       0.572322       0.481327
    138.000000       0.537057       0.573033       0.483433
    139.000000       0.539936       0.575729       0.487092
    140.000000       0.542293       0.576326       0.486671
    141.000000       0.543336       0.575624       0.486398
    142.000000       0.543365       0.576588       0.485130
    143.000000       0.543753       0.575460       0.484751
    144.000000       0.545718       0.576451       0.486664
    145.000000       0.546795       0.577223       0.487402
    146.000000       0.547711       0.581068       0.489558
    147.000000       0.548934       0.582711       0.491895
    148.000000       0.550153       0.583749       0.492725
    149.000000       0.551608       0.582425       0.496181
    150.000000       0.553225       0.584124       0.497271
    151.000000       0.554736       0.585864       0.495121
    152.000000       0.557418       0.586909       0.498916
    153.000000       0.559421       0.589843       0.496723
    154.000000       0.560072       0.589049       0.497378
    155.000000       0.561892       0.589636       0.497702
    156.000000       0.563916       0.593137       0.498971
    157.000000       0.564602       0.592688       0.501021
    158.000000       0.564309       0.596497       0.500474
    159.000000       0.566910       0.597665       0.503039
    160.000000       0.569005       0.596191       0.505449
    161.000000       0.571927       0.598248       0.506493
    162.000000       0.573227       0.601545       0.506303
    163.000000       0.574773       0.603018       0.508410
    164.000000       0.577815       0.606635       0.511113
    165.000000       0.577943       0.605312       0.512288
    166.000000       0.578607       0.606056       0.514943
    167.000000       0.580372       0.608187       0.517864
    168.000000       0.581168       0.610417       0.519290
    169.000000       0.583159       0.610605       0.520925
    170.000000       0.584810       0.613334       0.522301
    171.000000       0.586035       0.615430       0.521988
    172.000000       0.586696       0.617790       0.524959
    173.000000       0.590338       0.618418       0.526998
    174.000000       0.592176       0.617092       0.529010
    175.000000       0.592551       0.618195       0.529518
    176.000000       0.592945       0.620163       0.531498
    177.000000       0.595245       0.618156       0.533033
    178.000000       0.595935       0.621980       0.531931
    179.000000       0.596721       0.624608       0.534823
    180.000000       0.599143       0.623347       0.539742
    181.000000       0.600311       0.626084       0.542994
    182.000000       0.601735       0.627288       0.542919
    183.000000       0.603066       0.631948       0.543508
    184.000000       0.605704       0.630734       0.545882
    185.000000       0.606882       0.631204       0.547148
    186.000000       0.610460       0.631938       0.547374
    187.000000       0.611113       0.632475       0.547590
    188.000000       0.611922       0.632760       0.549830
    189.000000       0.614092       0.634549       0.549223
    190.000000       0.614734       0.634406       0.548377
    191.000000       0.615633       0.634570       0.548147
    192.000000       0.616086       0.631854       0.548345
    193.000000       0.618581       0.636147       0.548833
    194.000000       0.620686       0.638137       0.550829
    195.000000       0.621102       0.638163       0.546814
    196.000000       0.621400       0.638986       0.547739
    197.000000       0.623959       0.637534       0.548637
    198.000000       0.625640       0.638198       0.549977
    199.000000       0.625862       0.636978       0.547116
    200.000000       0.627286       0.638146       0.549392
    201.000000       0.628740       0.637133       0.550614
    202.000000       0.628027       0.635075       0.552676
    203.000000       0.629826       0.635408       0.555172
    204.000000       0.630470       0.639269       0.556133
    205.000000       0.631986       0.641655       0.556371
    206.000000       0.633219       0.643270       0.557870
    207.000000       0.634169       0.642654       0.559735
    208.000000       0.634983       0.646853       0.561786
    209.000000       0.636442       0.646742       0.561569
    210.000000       0.638608       0.647358       0.563412
    211.000000       0.641291       0.649758       0.562350
    212.000000       0.642304       0.648780       0.565097
    213.000000       0.645938       0.645180       0.564196
    214.000000       0.646195       0.648188       0.566012
    215.000000       0.649091       0.648355       0.566528
    216.000000       0.649842       0.648569       0.568264
    217.000000       0.651503       0.651043       0.568909
    218.000000       0.654431       0.651011       0.569044
    219.000000       0.654051       0.650176       0.568186
    220.000000       0.655501       0.650961       0.569273
    221.000000       0.658220       0.652151       0.569450
    222.000000       0.659930       0.653916       0.570455
    223.000000       0.661497       0.656396       0.569623
    224.000000       0.664262       0.657660       0.569824
    225.000000       0.666408       0.660404       0.572545
    226.000000       0.667972       0.662512       0.571030
    227.000000       0.670953       0.664190       0.573502
    228.000000       0.671551       0.664347       0.574183
    229.000000       0.672587       0.665261       0.574318
    230.000000       0.672444       0.667391       0.576118
    231.000000       0.673324       0.669027       0.576046
    232.000000       0.675041       0.672462       0.577913
    233.000000       0.675365       0.673370       0.577291
    234.000000       0.675709       0.674907       0.578231
    235.000000       0.679211       0.676990       0.579681
    236.000000       0.680345       0.679004       0.580602
    237.000000       0.682902       0.684035       0.582308
    238.000000       0.685457       0.684119       0.582541
    239.000000       0.687582       0.684524       0.584138
    240.000000       0.689513       0.685799       0.582413
    241.000000       0.690228       0.683957       0.585149
    242.000000       0.691764       0.683957       0.587997
    243.000000       0.694734       0.683241       0.587549
    244.000000       0.697754       0.684457       0.588115
    245.000000       0.699819       0.687859       0.589838
    246.000000       0.701674       0.690724       0.590060
    247.000000       0.703292       0.690300       0.595249
    248.000000       0.704282       0.690776       0.598391
    249.000000       0.707986       0.694676       0.599743
    250.000000       0.711013       0.698197       0.602799
    251.000000       0.713212       0.699071       0.605838
    252.000000       0.716568       0.702094       0.605027
    253.000000       0.719865       0.705926       0.607717
    254.000000       0.721507       0.710848       0.608326
    255.000000       0.723767       0.711968       0.611653
    256.000000       0.724994       0.711904       0.612657
    257.000000       0.727579       0.714590       0.612690
    258.000000       0.728868       0.714138       0.613924
    259.000000       0.730533       0.711874       0.615455
    260.000000       0.734266       0.712069       0.617383
    261.000000       0.735278       0.712717       0.619773
    262.000000       0.738315       0.715101       0.617739
    263.000000       0.738866       0.714705       0.619040
    264.000000       0.739867       0.719181       0.618391
    265.000000       0.739921       0.717941       0.617549
    266.000000       0.741920       0.720425       0.617697
    267.000000       0.742785       0.719528       0.617222
    268.000000       0.744594       0.722027       0.617320
    269.000000       0.743575       0.725459       0.617806
    270.000000       0.746757       0.725312       0.617744
    271.000000       0.748663       0.727148       0.619482
    272.000000       0.749677       0.730259       0.621695
    273.000000       0.751584       0.729830       0.622599
    274.000000       0.752766       0.731159       0.622940
    275.000000       0.754484       0.731972       0.625387
    276.000000       0.754814       0.732417       0.625641
    277.000000       0.758377       0.732247       0.626076
    278.000000       0.759172       0.732525       0.625688
    279.000000       0.759748       0.732553       0.625883
    280.000000       0.761222       0.733637       0.627533
    281.000000       0.761779       0.730202       0.630593
    282.000000       0.763458       0.731936       0.629675
    283.000000       0.763614       0.736243       0.631345
    284.000000       0.765765       0.736905       0.632827
    285.000000       0.768378       0.736111       0.633352
    286.000000       0.771381       0.739233       0.635589
    287.000000       0.772412       0.740222       0.634133
    288.000000       0.775166       0.744413       0.635967
    289.000000       0.776686       0.746057       0.638880
    290.000000       0.778267       0.750011       0.639485
    291.000000       0.780038       0.747920       0.638332
    292.000000       0.781433       0.747533       0.638496
    293.000000       0.782365       0.753600       0.641345
    294.000000       0.783350       0.752237       0.642986
    295.000000       0.785907       0.755406       0.645065
    296.000000       0.788104       0.753991       0.643737
    297.000000       0.788930       0.754946       0.644373
    298.000000       0.791483       0.754085       0.645793
    299.000000       0.793431       0.756896       0.648421
    300.000000       0.796208       0.756958       0.649905
    301.000000       0.798104       0.759622       0.651560
    302.000000       0.798599       0.761248       0.652658
    303.000000       0.799905       0.761151       0.653162
    304.000000       0.799358       0.760892       0.654463
    305.000000       0.799257       0.760750       0.652242
    306.000000       0.801033       0.761288       0.651845
    307.000000       0.802359       0.763750       0.652659
    308.000000       0.805596       0.764786       0.656821
    309.000000       0.806761       0.764021       0.659192
    310.000000       0.807146       0.762430       0.660416
    311.000000       0.808281       0.761279       0.658769
    312.000000       0.810284       0.757354       0.659223
    313.000000       0.809661       0.759390       0.660783
    314.000000       0.810684       0.760886       0.662386
    315.000000       0.810412       0.761031       0.660939
    316.000000       0.810869       0.763022       0.664093
    317.000000       0.810507       0.761841       0.665259
    318.000000       0.811242       0.762556       0.663949
    319.000000       0.811824       0.763085       0.664654
    320.000000       0.813291       0.765569       0.665597
    321.000000       0.815634       0.762448       0.666423
    322.000000       0.820394       0.761838       0.668849
    323.000000       0.820773       0.761977       0.670016
    324.000000       0.822176       0.762236       0.670416
    325.000000       0.823776       0.764153       0.673537
    326.000000       0.824877       0.765098       0.675858
    327.000000       0.826742       0.764626       0.678001
    328.000000       0.827448       0.766002       0.678513
    329.000000       0.829748       0.764899       0.678814
    330.000000       0.830161       0.767650       0.681419
    331.000000       0.831024       0.766533       0.681111
    332.000000       0.833267       0.767267       0.679963
    333.000000       0.834868       0.767422       0.681396
    334.000000       0.834222       0.767916       0.684400
    335.000000       0.836725       0.768872       0.687853
    336.000000       0.839250       0.771353       0.688045
    337.000000       0.839445       0.773809       0.686233
    338.000000       0.839872       0.771588       0.686801
    339.000000       0.841871       0.775938       0.689365
    340.000000       0.843052       0.773399       0.689624
    341.000000       0.843790       0.773258       0.690363
    342.000000       0.844563       0.775318       0.690002
    343.000000       0.844694       0.773342       0.689453
    344.000000       0.846670       0.772067       0.692380
    345.000000       0.846609       0.768655       0.694609
    346.000000       0.848388       0.773443       0.695311
    347.000000       0.850212       0.773140       0.695558
    348.000000       0.846391       0.771059       0.695544
    349.000000       0.848252       0.771374       0.698457
    350.000000       0.848143       0.773678       0.700840
    351.000000       0.847252       0.775115       0.701679
    352.000000       0.848691       0.776338       0.701148
    353.000000       0.850334       0.777956       0.701315
    354.000000       0.851229       0.777460       0.703100
    355.000000       0.853385       0.774968       0.703107
    356.000000       0.855096       0.775403       0.705378
    357.000000       0.856726       0.773778       0.704495
    358.000000       0.857236       0.771463       0.705524
    359.000000       0.859441       0.768197       0.704455
    360.000000       0.859787       0.768586       0.705455
    361.000000       0.860254       0.769167       0.705840
    362.000000       0.860876       0.770010       0.708746
    363.000000       0.860212       0.769576       0.711426
    364.000000       0.860634       0.768427       0.710668
    365.000000       0.861840       0.768077       0.708856
    366.000000       0.861301       0.765146       0.709728
    367.000000       0.861245       0.766922       0.709782
    368.000000       0.863022       0.765338       0.710899
    369.000000       0.862974       0.767365       0.712314
    370.000000       0.864564       0.769194       0.709073
    371.000000       0.865147       0.767370       0.710090
    372.000000       0.864957       0.770685       0.712626
    373.000000       0.865012       0.774052       0.712400
    374.000000       0.865683       0.773268       0.712854
    375.000000       0.865502       0.774125       0.712232
    376.000000       0.865205       0.772708       0.709880
    377.000000       0.867086       0.772443       0.710810
    378.000000       0.866531       0.773389       0.712029
    379.000000       0.869423       0.775632       0.710178
    380.000000       0.871023       0.780263       0.710797
    381.000000       0.872651       0.776839       0.710165
    382.000000       0.874396       0.781260       0.710154
    383.000000       0.876750       0.783968       0.711240
    384.000000       0.877678       0.782546       0.712350
    385.000000       0.878486       0.781950       0.713686
    386.000000       0.880800       0.782834       0.715432
    387.000000       0.883107       0.782954       0.717949
    388.000000       0.883633       0.784938       0.715709
    389.000000       0.886639       0.786050       0.718410
    390.000000       0.888734       0.790500       0.721102
    391.000000       0.889795       0.790542       0.723271
    392.000000       0.890537       0.791946       0.723821
    393.000000       0.890633       0.795502       0.726146
    394.000000       0.892041       0.794229       0.725757
    395.000000       0.892774       0.797222       0.727820
    396.000000       0.894628       0.802678       0.727864
    397.000000       0.896538       0.803859       0.728701
    398.000000       0.898806       0.805244       0.730793
    399.000000       0.898221       0.808284       0.732861
    400.000000       0.900649       0.809593       0.734301
    401.000000       0.900559       0.811644       0.733878
    402.000000       0.901948       0.813272       0.734376
    403.000000       0.905167       0.813327       0.736144
    404.000000       0.906611       0.814569       0.737924
    405.000000       0.907789       0.816999       0.738110
    406.000000       0.908464       0.815343       0.737537
    407.000000       0.909558       0.814907       0.740264
    408.000000       0.909487       0.815454       0.741051
    409.000000       0.911541       0.819447       0.740213
    410.000000       0.913975       0.817792       0.741377
    411.000000       0.913693       0.814526       0.739948
    412.000000       0.915898       0.816196       0.741233
    413.000000       0.916705       0.816749       0.744451
    414.000000       0.918315       0.817655       0.743211
    415.000000       0.920932       0.818216       0.742982
    416.000000       0.921177       0.815911       0.745346
    417.000000       0.920987       0.817626       0.747017
    418.000000       0.920957       0.817969       0.744719
    419.000000       0.919437       0.816823       0.742150
    420.000000       0.920372       0.819133       0.742731
    421.000000       0.922048       0.818662       0.743365
    422.000000       0.925314       0.818043       0.742958
    423.000000       0.927486       0.817493       0.741952
    424.000000       0.928285       0.821807       0.745404
    425.000000       0.931315       0.821069       0.743336
    426.000000       0.932211       0.823813       0.745637
    427.000000       0.933425       0.824984       0.746826
    428.000000       0.935583       0.825499       0.748045
    429.000000       0.936796       0.824661       0.748703
    430.000000       0.937171       0.828218       0.750518
    431.000000       0.936235       0.826366       0.749730
    432.000000       0.937933       0.829306       0.751386
    433.000000       0.938299       0.827107       0.751928
    434.000000       0.937289       0.828563       0.751247
    435.000000       0.939517       0.830353       0.753650
    436.000000       0.938228       0.827984       0.751248
    437.000000       0.937187       0.828581       0.752583
    438.000000       0.938974       0.827445       0.749741
    439.000000       0.938878       0.830250       0.749631
    440.000000       0.938670       0.831402       0.749182
    441.000000       0.938139       0.832027       0.750669
    442.000000       0.937670       0.831366       0.749027
    443.000000       0.939293       0.832724       0.752713
    444.000000       0.939697       0.834077       0.749098
    445.000000       0.941462       0.833921       0.751638
    446.000000       0.942790       0.836049       0.752167
    447.000000       0.943293       0.837902       0.750305
    448.000000       0.945335       0.842078       0.751484
    449.000000       0.946737       0.840631       0.749662
    450.000000       0.947518       0.843396       0.752580
    451.000000       0.950999       0.847148       0.754591
    452.000000       0.952790       0.849480       0.756511
    453.000000       0.953607       0.850124       0.756721
    454.000000       0.956370       0.852260       0.759532
    455.000000       0.957334       0.852957       0.760790
    456.000000       0.957917       0.850171       0.761138
    457.000000       0.959476       0.851685       0.761182
    458.000000       0.960659       0.852511       0.759252
    459.000000       0.961479       0.852408       0.760159
    460.000000       0.963299       0.853274       0.759584
    461.000000       0.964621       0.853400       0.756667
    462.000000       0.966311       0.854705       0.756368
    463.000000       0.966850       0.855925       0.755736
    464.000000       0.966153       0.853222       0.757495
    465.000000       0.968853       0.855965       0.758237
    466.000000       0.968510       0.852667       0.759445
    467.000000       0.967758       0.856299       0.761206
    468.000000       0.967861       0.855388       0.762138
    469.000000       0.968598       0.855709       0.762380
    470.000000       0.969908       0.861117       0.762303
    471.000000       0.973805       0.860003       0.766160
    472.000000       0.974526       0.860509       0.765914
    473.000000       0.974070       0.860533       0.767902
    474.000000       0.975244       0.863211       0.766622
    475.000000       0.976672       0.863234       0.772646
    476.000000       0.978847       0.861418       0.773537
    477.000000       0.979119       0.863085       0.774884
    478.000000       0.978665       0.863339       0.776382
    479.000000       0.976988       0.863924       0.777128
    480.000000       0.978095       0.865300       0.776010
    481.000000       0.979218       0.861397       0.780700
    482.000000       0.978555       0.863269       0.780414
    483.000000       0.979862       0.864732       0.781925
    484.000000       0.980381       0.862769       0.780551
    485.000000       0.982145       0.865605       0.782888
    486.000000       0.983125       0.866870       0.783740
    487.000000       0.981590       0.867383       0.784202
    488.000000       0.979317       0.867599       0.784756
    489.000000       0.980686       0.867399       0.785526
    490.000000       0.983851       0.868665       0.786897
    491.000000       0.987505       0.872737       0.786177
    492.000000       0.989202       0.873269       0.789906
    493.000000       0.990129       0.874919       0.788959
    494.000000       0.991434       0.878164       0.789822
    495.000000       0.991600       0.877940       0.791752
    496.000000       0.993096       0.881522       0.793002
    497.000000       0.992759       0.884237       0.794512
    498.000000       0.994733       0.884820       0.794137
    499.000000       0.997070       0.883574       0.794349
    500.000000       0.997096       0.883047       0.797958
