# msd.out by GPUMDkit
# Element: Li  |  dt: 1000.0000 fs  |  Frames: 1000  |  Atoms: 144
#     Time(ps)    MSD_x(Ang^2)    MSD_y(Ang^2)    MSD_z(Ang^2)
      1.000000       0.088660       0.088553       0.105064
      2.000000       0.099030       0.099268       0.112849
      3.000000       0.107271       0.108349       0.118041
      4.000000       0.115893       0.116995       0.123565
      5.000000       0.121978       0.124405       0.128452
      6.000000       0.129221       0.131762       0.133425
      7.000000       0.136023       0.138132       0.138652
      8.000000       0.142092       0.143332       0.142745
      9.000000       0.147956       0.150605       0.146973
     10.000000       0.153535       0.156173       0.151025
     11.000000       0.159543       0.161809       0.154915
     12.000000       0.166013       0.167993       0.159178
     13.000000       0.171243       0.173526       0.163455
     14.000000       0.177610       0.179159       0.167850
     15.000000       0.183564       0.184697       0.172334
     16.000000       0.189107       0.190061       0.175712
     17.000000       0.194740       0.195303       0.180067
     18.000000       0.201439       0.201789       0.184815
     19.000000       0.207006       0.207274       0.188864
     20.000000       0.213195       0.212685       0.193149
     21.000000       0.218771       0.217313       0.196935
     22.000000       0.224100       0.223373       0.201252
     23.000000       0.230195       0.228383       0.205499
     24.000000       0.235703       0.233714       0.209649
     25.000000       0.241733       0.239234       0.213578
     26.000000       0.247047       0.244795       0.217880
     27.000000       0.253612       0.250534       0.222313
     28.000000       0.259477       0.256572       0.226482
     29.000000       0.265052       0.262682       0.229758
     30.000000       0.270897       0.269309       0.233792
     31.000000       0.275747       0.274490       0.237263
     32.000000       0.281585       0.280650       0.241955
     33.000000       0.287264       0.285833       0.245259
     34.000000       0.293131       0.292208       0.249058
     35.000000       0.298914       0.298238       0.252994
     36.000000       0.304263       0.303487       0.256338
     37.000000       0.310054       0.309101       0.260475
     38.000000       0.315822       0.314148       0.263099
     39.000000       0.321665       0.319445       0.266800
     40.000000       0.327185       0.325288       0.271122
     41.000000       0.333217       0.330592       0.274376
     42.000000       0.338530       0.336146       0.278356
     43.000000       0.343993       0.342271       0.282192
     44.000000       0.349404       0.348176       0.286195
     45.000000       0.355421       0.353883       0.289356
     46.000000       0.360638       0.360038       0.292957
     47.000000       0.365894       0.366180       0.297114
     48.000000       0.370512       0.372010       0.300002
     49.000000       0.375741       0.378107       0.303504
     50.000000       0.381923       0.384930       0.307091
     51.000000       0.387585       0.391432       0.310420
     52.000000       0.392931       0.397493       0.313760
     53.000000       0.397888       0.402895       0.316569
     54.000000       0.402915       0.408584       0.320057
     55.000000       0.408194       0.414223       0.323425
     56.000000       0.413109       0.420502       0.327060
     57.000000       0.419532       0.426164       0.330357
     58.000000       0.424835       0.432330       0.333530
     59.000000       0.430880       0.437901       0.337791
     60.000000       0.436074       0.444281       0.340719
     61.000000       0.441238       0.449385       0.344309
     62.000000       0.446042       0.455713       0.347935
     63.000000       0.450338       0.461695       0.351651
     64.000000       0.455612       0.467884       0.354942
     65.000000       0.461180       0.472758       0.359093
     66.000000       0.465952       0.478266       0.361673
     67.000000       0.470869       0.483923       0.365583
     68.000000       0.476453       0.489003       0.368790
     69.000000       0.481474       0.495092       0.372640
     70.000000       0.485740       0.500654       0.374892
     71.000000       0.490734       0.506244       0.378135
     72.000000       0.495802       0.512922       0.381408
     73.000000       0.500537       0.518161       0.385280
     74.000000       0.505022       0.524110       0.388112
     75.000000       0.509707       0.530608       0.390425
     76.000000       0.514342       0.536204       0.394224
     77.000000       0.518646       0.541891       0.396947
     78.000000       0.523587       0.547323       0.400526
     79.000000       0.528826       0.552150       0.404365
     80.000000       0.534047       0.558764       0.406888
     81.000000       0.538212       0.564876       0.410417
     82.000000       0.542687       0.570340       0.413564
     83.000000       0.548107       0.575457       0.417817
     84.000000       0.552665       0.581673       0.420630
     85.000000       0.557045       0.586744       0.423794
     86.000000       0.561879       0.592682       0.426986
     87.000000       0.566990       0.598024       0.430208
     88.000000       0.571748       0.603686       0.433921
     89.000000       0.576651       0.608795       0.437920
     90.000000       0.581898       0.614495       0.440486
     91.000000       0.587285       0.620653       0.444103
     92.000000       0.591684       0.625782       0.447635
     93.000000       0.597307       0.631194       0.450649
     94.000000       0.602355       0.636758       0.453874
     95.000000       0.607260       0.642760       0.456483
     96.000000       0.612324       0.647889       0.459470
     97.000000       0.617368       0.654613       0.463442
     98.000000       0.622620       0.660044       0.466182
     99.000000       0.627722       0.666440       0.470066
    100.000000       0.632201       0.672126       0.473064
    101.000000       0.638390       0.677801       0.476218
    102.000000       0.643592       0.683724       0.479124
    103.000000       0.649702       0.689859       0.482249
    104.000000       0.654318       0.696419       0.486567
    105.000000       0.660003       0.702749       0.489347
    106.000000       0.666026       0.709159       0.491762
    107.000000       0.670894       0.715019       0.494955
    108.000000       0.676338       0.721549       0.498528
    109.000000       0.681788       0.727116       0.501663
    110.000000       0.687115       0.733357       0.504343
    111.000000       0.692786       0.740064       0.507056
    112.000000       0.697875       0.746476       0.510383
    113.000000       0.703513       0.751726       0.513799
    114.000000       0.709543       0.758257       0.517225
    115.000000       0.714350       0.764878       0.520874
    116.000000       0.720469       0.771003       0.524875
    117.000000       0.725430       0.777646       0.528650
    118.000000       0.730864       0.784275       0.531900
    119.000000       0.736022       0.790152       0.536077
    120.000000       0.741140       0.797027       0.538758
    121.000000       0.746313       0.803469       0.542721
    122.000000       0.751775       0.810155       0.546128
    123.000000       0.756616       0.816596       0.549877
    124.000000       0.761531       0.823452       0.553711
    125.000000       0.766305       0.829295       0.557343
    126.000000       0.772808       0.835516       0.560846
    127.000000       0.776927       0.840736       0.563520
    128.000000       0.782351       0.847362       0.565923
    129.000000       0.787668       0.853674       0.568876
    130.000000       0.792750       0.860814       0.572518
    131.000000       0.798582       0.866391       0.575810
    132.000000       0.803250       0.872374       0.579780
    133.000000       0.808195       0.877942       0.581999
    134.000000       0.813792       0.883788       0.585637
    135.000000       0.818046       0.889603       0.588137
    136.000000       0.823269       0.895937       0.591792
    137.000000       0.829175       0.901765       0.595380
    138.000000       0.834228       0.907856       0.598759
    139.000000       0.839767       0.913697       0.601892
    140.000000       0.844375       0.920053       0.604972
    141.000000       0.849978       0.926018       0.607962
    142.000000       0.855183       0.931800       0.611520
    143.000000       0.859733       0.938002       0.614762
    144.000000       0.864741       0.944641       0.617964
    145.000000       0.870396       0.951395       0.620625
    146.000000       0.875539       0.957907       0.624614
    147.000000       0.880539       0.964256       0.627011
    148.000000       0.885054       0.971352       0.630584
    149.000000       0.890610       0.978765       0.633873
    150.000000       0.895413       0.985615       0.637422
    151.000000       0.899773       0.993075       0.640212
    152.000000       0.904935       0.999273       0.643989
    153.000000       0.909511       1.006147       0.647637
    154.000000       0.915115       1.012921       0.651286
    155.000000       0.919778       1.020162       0.654050
    156.000000       0.925168       1.027560       0.657898
    157.000000       0.930303       1.034512       0.661368
    158.000000       0.936014       1.042162       0.664646
    159.000000       0.941011       1.048200       0.667970
    160.000000       0.946439       1.055713       0.670469
    161.000000       0.951560       1.062858       0.674198
    162.000000       0.956859       1.070161       0.677317
    163.000000       0.962108       1.077257       0.681025
    164.000000       0.967455       1.084477       0.684116
    165.000000       0.972959       1.091910       0.687511
    166.000000       0.977989       1.099315       0.690703
    167.000000       0.984853       1.106425       0.693896
    168.000000       0.989830       1.113179       0.698013
    169.000000       0.995046       1.120835       0.701772
    170.000000       1.000818       1.127973       0.704803
    171.000000       1.006112       1.135309       0.708478
    172.000000       1.011909       1.142095       0.712665
    173.000000       1.016457       1.149212       0.715597
    174.000000       1.021478       1.156143       0.719106
    175.000000       1.026734       1.163340       0.722253
    176.000000       1.031640       1.170411       0.725826
    177.000000       1.036201       1.177883       0.728810
    178.000000       1.041291       1.185388       0.732945
    179.000000       1.045163       1.192167       0.735579
    180.000000       1.050429       1.199061       0.739349
    181.000000       1.055329       1.206077       0.742867
    182.000000       1.059009       1.212761       0.746855
    183.000000       1.064695       1.219174       0.750655
    184.000000       1.069861       1.226982       0.754165
    185.000000       1.074783       1.233607       0.756839
    186.000000       1.080020       1.240465       0.760747
    187.000000       1.085313       1.247905       0.764680
    188.000000       1.090305       1.254074       0.768125
    189.000000       1.095291       1.261004       0.770550
    190.000000       1.099698       1.267937       0.774502
    191.000000       1.104224       1.274716       0.778666
    192.000000       1.109619       1.281287       0.782690
    193.000000       1.114427       1.289653       0.786392
    194.000000       1.119310       1.296426       0.790644
    195.000000       1.124206       1.303576       0.794384
    196.000000       1.129523       1.310830       0.798263
    197.000000       1.134316       1.318311       0.802391
    198.000000       1.139273       1.325069       0.805320
    199.000000       1.144224       1.332788       0.810098
    200.000000       1.148745       1.339932       0.814207
    201.000000       1.154018       1.347982       0.818109
    202.000000       1.158701       1.355806       0.821552
    203.000000       1.163780       1.363956       0.826550
    204.000000       1.168850       1.370502       0.830369
    205.000000       1.174341       1.377168       0.834694
    206.000000       1.179370       1.385258       0.838681
    207.000000       1.184404       1.393053       0.842076
    208.000000       1.189421       1.399306       0.846588
    209.000000       1.194211       1.406583       0.850812
    210.000000       1.199482       1.414669       0.853689
    211.000000       1.203934       1.421250       0.858719
    212.000000       1.209106       1.428632       0.862350
    213.000000       1.214153       1.436294       0.865421
    214.000000       1.218108       1.444765       0.869657
    215.000000       1.223284       1.451946       0.874126
    216.000000       1.228037       1.459654       0.877936
    217.000000       1.233064       1.467302       0.880926
    218.000000       1.238295       1.475543       0.885363
    219.000000       1.243313       1.482341       0.889367
    220.000000       1.248587       1.490668       0.892400
    221.000000       1.253507       1.498523       0.896370
    222.000000       1.258561       1.506354       0.899944
    223.000000       1.263747       1.514757       0.903431
    224.000000       1.269146       1.522950       0.907083
    225.000000       1.273615       1.530313       0.911442
    226.000000       1.278402       1.537827       0.914943
    227.000000       1.283359       1.544600       0.918741
    228.000000       1.287999       1.552405       0.921251
    229.000000       1.292668       1.559499       0.925105
    230.000000       1.297719       1.567387       0.927937
    231.000000       1.301956       1.574752       0.932114
    232.000000       1.306997       1.582202       0.936419
    233.000000       1.312359       1.590335       0.940242
    234.000000       1.316097       1.598089       0.945277
    235.000000       1.321539       1.605668       0.948439
    236.000000       1.326309       1.613468       0.953004
    237.000000       1.330414       1.621658       0.956759
    238.000000       1.335604       1.629408       0.961649
    239.000000       1.340704       1.637554       0.965351
    240.000000       1.345338       1.643859       0.969740
    241.000000       1.349990       1.652599       0.973059
    242.000000       1.353488       1.660260       0.977865
    243.000000       1.356962       1.667377       0.981514
    244.000000       1.361940       1.675621       0.984897
    245.000000       1.366262       1.683123       0.988759
    246.000000       1.370412       1.690399       0.992149
    247.000000       1.373475       1.697495       0.995222
    248.000000       1.377541       1.705661       0.998757
    249.000000       1.382368       1.712378       1.002823
    250.000000       1.387328       1.719604       1.006054
    251.000000       1.391752       1.727391       1.009729
    252.000000       1.396212       1.735093       1.013445
    253.000000       1.400333       1.742355       1.016972
    254.000000       1.404791       1.750103       1.020254
    255.000000       1.409910       1.757321       1.024370
    256.000000       1.413805       1.764748       1.027297
    257.000000       1.417107       1.772615       1.031202
    258.000000       1.422356       1.780511       1.035368
    259.000000       1.425427       1.787258       1.038943
    260.000000       1.430544       1.794562       1.042916
    261.000000       1.435593       1.801910       1.046818
    262.000000       1.440903       1.809677       1.050258
    263.000000       1.445862       1.817679       1.053959
    264.000000       1.449820       1.824491       1.057177
    265.000000       1.455369       1.830820       1.061052
    266.000000       1.459617       1.837760       1.064666
    267.000000       1.465066       1.844649       1.068206
    268.000000       1.469154       1.851454       1.072187
    269.000000       1.473064       1.858716       1.076442
    270.000000       1.477877       1.865487       1.079546
    271.000000       1.482374       1.872557       1.083608
    272.000000       1.487048       1.879847       1.087910
    273.000000       1.492489       1.887337       1.091010
    274.000000       1.495957       1.893392       1.095108
    275.000000       1.499376       1.901654       1.098067
    276.000000       1.504368       1.907190       1.102303
    277.000000       1.508997       1.914610       1.105918
    278.000000       1.513580       1.921458       1.109714
    279.000000       1.518355       1.928807       1.112001
    280.000000       1.522820       1.935826       1.115577
    281.000000       1.526266       1.942387       1.119139
    282.000000       1.531470       1.949566       1.122722
    283.000000       1.535711       1.957270       1.126478
    284.000000       1.539971       1.964075       1.129637
    285.000000       1.544769       1.971496       1.133065
    286.000000       1.549143       1.978711       1.136206
    287.000000       1.553901       1.985856       1.140093
    288.000000       1.558983       1.991790       1.142873
    289.000000       1.562818       1.998864       1.146074
    290.000000       1.566537       2.006256       1.149576
    291.000000       1.570041       2.012066       1.153225
    292.000000       1.574355       2.019790       1.156656
    293.000000       1.578484       2.027264       1.160080
    294.000000       1.583502       2.034100       1.163609
    295.000000       1.588148       2.040727       1.166449
    296.000000       1.592065       2.047555       1.169559
    297.000000       1.596050       2.055176       1.172937
    298.000000       1.600153       2.062276       1.175987
    299.000000       1.604702       2.069618       1.180612
    300.000000       1.608857       2.076342       1.183123
    301.000000       1.612722       2.083801       1.187103
    302.000000       1.617525       2.091328       1.190222
    303.000000       1.622352       2.098820       1.193125
    304.000000       1.626237       2.105770       1.195309
    305.000000       1.630637       2.112537       1.199039
    306.000000       1.634687       2.119571       1.203065
    307.000000       1.638803       2.127462       1.204779
    308.000000       1.643735       2.134503       1.207703
    309.000000       1.647026       2.141048       1.210915
    310.000000       1.650863       2.148475       1.213766
    311.000000       1.656127       2.156369       1.217481
    312.000000       1.660274       2.163061       1.220277
    313.000000       1.665460       2.170632       1.223422
    314.000000       1.670394       2.178695       1.227019
    315.000000       1.674758       2.186186       1.230244
    316.000000       1.680561       2.193226       1.233659
    317.000000       1.684608       2.201517       1.236836
    318.000000       1.688680       2.209851       1.240553
    319.000000       1.693567       2.217178       1.243074
    320.000000       1.698262       2.225433       1.246712
    321.000000       1.702596       2.233180       1.249901
    322.000000       1.706855       2.240276       1.251700
    323.000000       1.711222       2.248024       1.255960
    324.000000       1.716381       2.256536       1.258760
    325.000000       1.720701       2.264383       1.262299
    326.000000       1.724643       2.271209       1.265385
    327.000000       1.728499       2.277935       1.269189
    328.000000       1.733853       2.285624       1.272571
    329.000000       1.739309       2.291619       1.276394
    330.000000       1.743670       2.298921       1.279597
    331.000000       1.747459       2.306549       1.282071
    332.000000       1.751332       2.313584       1.285133
    333.000000       1.755883       2.320703       1.287600
    334.000000       1.759481       2.327770       1.290849
    335.000000       1.764136       2.335536       1.293538
    336.000000       1.767522       2.342919       1.296924
    337.000000       1.771917       2.349588       1.299922
    338.000000       1.775679       2.356941       1.303151
    339.000000       1.780559       2.363538       1.305912
    340.000000       1.785135       2.370690       1.308013
    341.000000       1.789394       2.378458       1.311927
    342.000000       1.793408       2.385770       1.314841
    343.000000       1.798270       2.392982       1.317641
    344.000000       1.802173       2.400734       1.321185
    345.000000       1.806566       2.408760       1.324532
    346.000000       1.809446       2.416356       1.327113
    347.000000       1.813585       2.422834       1.330863
    348.000000       1.817342       2.431031       1.332808
    349.000000       1.821393       2.438213       1.336176
    350.000000       1.825987       2.445841       1.339621
    351.000000       1.830132       2.453187       1.342917
    352.000000       1.834811       2.460664       1.346869
    353.000000       1.839723       2.467748       1.349022
    354.000000       1.843796       2.474810       1.353771
    355.000000       1.848485       2.481605       1.356201
    356.000000       1.853371       2.489307       1.360430
    357.000000       1.859193       2.495897       1.362962
    358.000000       1.863561       2.502820       1.366918
    359.000000       1.867515       2.509866       1.370260
    360.000000       1.871553       2.516463       1.373162
    361.000000       1.875823       2.522959       1.375845
    362.000000       1.880055       2.531134       1.379368
    363.000000       1.884877       2.538791       1.383210
    364.000000       1.888513       2.546509       1.386373
    365.000000       1.892920       2.553442       1.389813
    366.000000       1.897419       2.559382       1.393462
    367.000000       1.901434       2.566218       1.396545
    368.000000       1.905994       2.573091       1.399978
    369.000000       1.910315       2.579067       1.403360
    370.000000       1.914488       2.587169       1.407181
    371.000000       1.918157       2.592909       1.410223
    372.000000       1.921941       2.599238       1.413711
    373.000000       1.925069       2.605127       1.418176
    374.000000       1.927831       2.609769       1.420527
    375.000000       1.931432       2.614986       1.424053
    376.000000       1.935045       2.620868       1.428158
    377.000000       1.939660       2.626247       1.431531
    378.000000       1.943575       2.631621       1.435772
    379.000000       1.947228       2.638011       1.437980
    380.000000       1.951649       2.643562       1.442962
    381.000000       1.955431       2.648865       1.445845
    382.000000       1.959452       2.654831       1.449966
    383.000000       1.963709       2.660371       1.454071
    384.000000       1.967072       2.664818       1.457812
    385.000000       1.971423       2.670553       1.461297
    386.000000       1.975193       2.675049       1.465538
    387.000000       1.978612       2.679941       1.468253
    388.000000       1.981721       2.686328       1.471930
    389.000000       1.985694       2.690990       1.475972
    390.000000       1.989541       2.696566       1.479855
    391.000000       1.993352       2.702457       1.483071
    392.000000       1.997876       2.707122       1.487482
    393.000000       2.001079       2.711459       1.491183
    394.000000       2.006177       2.717204       1.495323
    395.000000       2.009268       2.721358       1.499115
    396.000000       2.013517       2.726551       1.503271
    397.000000       2.016727       2.731234       1.507520
    398.000000       2.019728       2.736044       1.511983
    399.000000       2.023442       2.740093       1.515440
    400.000000       2.027007       2.745311       1.518686
    401.000000       2.030153       2.751001       1.522034
    402.000000       2.033771       2.755891       1.525872
    403.000000       2.037168       2.760623       1.529274
    404.000000       2.041551       2.765410       1.533088
    405.000000       2.045026       2.769363       1.537694
    406.000000       2.050082       2.774373       1.541537
    407.000000       2.054187       2.778447       1.545025
    408.000000       2.058721       2.783243       1.547931
    409.000000       2.062723       2.788973       1.551400
    410.000000       2.065881       2.793300       1.555551
    411.000000       2.069450       2.798389       1.559227
    412.000000       2.073837       2.802442       1.563486
    413.000000       2.077182       2.806342       1.567461
    414.000000       2.081440       2.811282       1.570207
    415.000000       2.084715       2.814469       1.573846
    416.000000       2.088144       2.817690       1.578455
    417.000000       2.091150       2.821276       1.581775
    418.000000       2.095443       2.825469       1.584730
    419.000000       2.099273       2.829608       1.589093
    420.000000       2.102743       2.833804       1.592587
    421.000000       2.106672       2.838127       1.596748
    422.000000       2.109960       2.842543       1.600262
    423.000000       2.113596       2.846101       1.603662
    424.000000       2.116869       2.849811       1.607856
    425.000000       2.120537       2.854094       1.611889
    426.000000       2.123530       2.857236       1.615043
    427.000000       2.127927       2.861395       1.618859
    428.000000       2.131064       2.865780       1.622840
    429.000000       2.134606       2.871030       1.626373
    430.000000       2.138604       2.874983       1.630535
    431.000000       2.142247       2.878992       1.633698
    432.000000       2.145921       2.882714       1.638388
    433.000000       2.148954       2.887431       1.641680
    434.000000       2.152531       2.891521       1.645945
    435.000000       2.155891       2.895657       1.649701
    436.000000       2.159982       2.899797       1.654401
    437.000000       2.163197       2.902499       1.658684
    438.000000       2.165857       2.905979       1.661727
    439.000000       2.169848       2.909559       1.666675
    440.000000       2.174259       2.912046       1.670129
    441.000000       2.178811       2.915629       1.673505
    442.000000       2.182549       2.918008       1.678572
    443.000000       2.185987       2.921992       1.682448
    444.000000       2.189565       2.926070       1.685260
    445.000000       2.194326       2.929331       1.689648
    446.000000       2.198342       2.933053       1.693215
    447.000000       2.202531       2.937212       1.698075
    448.000000       2.205611       2.940409       1.702250
    449.000000       2.210258       2.944401       1.705403
    450.000000       2.214498       2.947227       1.710002
    451.000000       2.217992       2.951611       1.713684
    452.000000       2.222262       2.955425       1.718750
    453.000000       2.226386       2.958984       1.722153
    454.000000       2.230401       2.962749       1.726051
    455.000000       2.233474       2.966461       1.729046
    456.000000       2.236630       2.970250       1.733492
    457.000000       2.239990       2.974204       1.736903
    458.000000       2.243664       2.978575       1.740939
    459.000000       2.247000       2.982342       1.744815
    460.000000       2.250771       2.986367       1.748259
    461.000000       2.253852       2.990732       1.752384
    462.000000       2.258122       2.993818       1.756976
    463.000000       2.262357       2.998378       1.760012
    464.000000       2.266658       3.001483       1.764060
    465.000000       2.270876       3.005800       1.768655
    466.000000       2.274452       3.008927       1.770771
    467.000000       2.277839       3.013269       1.775546
    468.000000       2.281727       3.016292       1.779596
    469.000000       2.285945       3.019840       1.783704
    470.000000       2.289974       3.023523       1.786873
    471.000000       2.293781       3.027895       1.790766
    472.000000       2.295632       3.031974       1.794510
    473.000000       2.299772       3.035225       1.798236
    474.000000       2.303158       3.038417       1.802619
    475.000000       2.306936       3.042197       1.806781
    476.000000       2.311609       3.045463       1.811066
    477.000000       2.315325       3.048699       1.814462
    478.000000       2.320143       3.052880       1.818348
    479.000000       2.324386       3.055152       1.822536
    480.000000       2.328151       3.057469       1.826157
    481.000000       2.332972       3.059827       1.829169
    482.000000       2.336982       3.062969       1.833166
    483.000000       2.340925       3.065651       1.836731
    484.000000       2.344518       3.068660       1.840177
    485.000000       2.348687       3.071165       1.843739
    486.000000       2.353959       3.073669       1.848156
    487.000000       2.357965       3.075564       1.850755
    488.000000       2.360664       3.077800       1.854391
    489.000000       2.364597       3.081444       1.858480
    490.000000       2.369519       3.084121       1.861347
    491.000000       2.372560       3.086294       1.865266
    492.000000       2.377048       3.089746       1.868401
    493.000000       2.380497       3.092189       1.872549
    494.000000       2.383696       3.094277       1.876301
    495.000000       2.387519       3.096795       1.880355
    496.000000       2.391219       3.099317       1.882709
    497.000000       2.394888       3.102476       1.887025
    498.000000       2.399043       3.105421       1.891135
    499.000000       2.401919       3.108411       1.894016
    500.000000       2.405995       3.110824       1.899017
